Component: ARM Compiler 5.06 update 6 (build 750) Tool: armlink [4d35ed]

==============================================================================

Section Cross References

    main.o(i.UART2_IRQHandler) refers to main.o(i.__NVIC_ClearPendingIRQ) for __NVIC_ClearPendingIRQ
    main.o(i.UART2_IRQHandler) refers to main.o(.data) for rx_data
    main.o(i.all_red_led_flashing_running) refers to rtx_delay.o(.text.osDelay) for osDelay
    main.o(i.all_red_led_flashing_stationary) refers to rtx_delay.o(.text.osDelay) for osDelay
    main.o(i.calc_MOD) refers to idiv.o(.text) for __aeabi_idivmod
    main.o(i.calc_MOD) refers to dflti.o(.text) for __aeabi_i2d
    main.o(i.calc_MOD) refers to ddiv.o(.text) for __aeabi_ddiv
    main.o(i.calc_MOD) refers to d2f.o(.text) for __aeabi_d2f
    main.o(i.calc_MOD) refers to fdiv.o(.text) for __aeabi_fdiv
    main.o(i.calc_MOD) refers to fadd.o(.text) for __aeabi_fsub
    main.o(i.calc_MOD) refers to ffixi.o(.text) for __aeabi_f2iz
    main.o(i.green_led_blink_twice) refers to rtx_delay.o(.text.osDelay) for osDelay
    main.o(i.initPWM) refers to main.o(i.calc_MOD) for calc_MOD
    main.o(i.initUART2) refers to uidiv.o(.text) for __aeabi_uidivmod
    main.o(i.initUART2) refers to main.o(i.__NVIC_SetPriority) for __NVIC_SetPriority
    main.o(i.initUART2) refers to main.o(i.__NVIC_ClearPendingIRQ) for __NVIC_ClearPendingIRQ
    main.o(i.main) refers to system_mkl25z4.o(i.SystemCoreClockUpdate) for SystemCoreClockUpdate
    main.o(i.main) refers to main.o(i.initUART2) for initUART2
    main.o(i.main) refers to main.o(i.initLED) for initLED
    main.o(i.main) refers to main.o(i.initPWM) for initPWM
    main.o(i.main) refers to main.o(i.initMotor) for initMotor
    main.o(i.main) refers to rtx_kernel.o(.text.osKernelInitialize) for osKernelInitialize
    main.o(i.main) refers to rtx_thread.o(.text.osThreadNew) for osThreadNew
    main.o(i.main) refers to rtx_msgqueue.o(.text.osMessageQueueNew) for osMessageQueueNew
    main.o(i.main) refers to rtx_kernel.o(.text.osKernelStart) for osKernelStart
    main.o(i.main) refers to main.o(i.tBrain) for tBrain
    main.o(i.main) refers to main.o(i.tMotorControl) for tMotorControl
    main.o(i.main) refers to main.o(.data) for motor_Msg
    main.o(i.main) refers to main.o(i.tGreenLED) for tGreenLED
    main.o(i.main) refers to main.o(i.tRedLED) for tRedLED
    main.o(i.main) refers to main.o(i.tAudio) for tAudio
    main.o(i.off_sound) refers to main.o(i.calc_MOD) for calc_MOD
    main.o(i.off_sound) refers to rtx_delay.o(.text.osDelay) for osDelay
    main.o(i.play_A) refers to main.o(i.calc_MOD) for calc_MOD
    main.o(i.play_A) refers to rtx_delay.o(.text.osDelay) for osDelay
    main.o(i.play_A) refers to main.o(i.sound_break) for sound_break
    main.o(i.play_Asharp) refers to main.o(i.calc_MOD) for calc_MOD
    main.o(i.play_Asharp) refers to rtx_delay.o(.text.osDelay) for osDelay
    main.o(i.play_Asharp) refers to main.o(i.sound_break) for sound_break
    main.o(i.play_B) refers to main.o(i.calc_MOD) for calc_MOD
    main.o(i.play_B) refers to rtx_delay.o(.text.osDelay) for osDelay
    main.o(i.play_B) refers to main.o(i.sound_break) for sound_break
    main.o(i.play_C) refers to main.o(i.calc_MOD) for calc_MOD
    main.o(i.play_C) refers to rtx_delay.o(.text.osDelay) for osDelay
    main.o(i.play_C) refers to main.o(i.sound_break) for sound_break
    main.o(i.play_Csharp) refers to main.o(i.calc_MOD) for calc_MOD
    main.o(i.play_Csharp) refers to rtx_delay.o(.text.osDelay) for osDelay
    main.o(i.play_Csharp) refers to main.o(i.sound_break) for sound_break
    main.o(i.play_D) refers to main.o(i.calc_MOD) for calc_MOD
    main.o(i.play_D) refers to rtx_delay.o(.text.osDelay) for osDelay
    main.o(i.play_D) refers to main.o(i.sound_break) for sound_break
    main.o(i.play_Dsharp) refers to main.o(i.calc_MOD) for calc_MOD
    main.o(i.play_Dsharp) refers to rtx_delay.o(.text.osDelay) for osDelay
    main.o(i.play_Dsharp) refers to main.o(i.sound_break) for sound_break
    main.o(i.play_E) refers to main.o(i.calc_MOD) for calc_MOD
    main.o(i.play_E) refers to rtx_delay.o(.text.osDelay) for osDelay
    main.o(i.play_E) refers to main.o(i.sound_break) for sound_break
    main.o(i.play_F) refers to main.o(i.calc_MOD) for calc_MOD
    main.o(i.play_F) refers to rtx_delay.o(.text.osDelay) for osDelay
    main.o(i.play_F) refers to main.o(i.sound_break) for sound_break
    main.o(i.play_Fsharp) refers to main.o(i.calc_MOD) for calc_MOD
    main.o(i.play_Fsharp) refers to rtx_delay.o(.text.osDelay) for osDelay
    main.o(i.play_Fsharp) refers to main.o(i.sound_break) for sound_break
    main.o(i.play_G) refers to main.o(i.calc_MOD) for calc_MOD
    main.o(i.play_G) refers to rtx_delay.o(.text.osDelay) for osDelay
    main.o(i.play_G) refers to main.o(i.sound_break) for sound_break
    main.o(i.play_Gsharp) refers to main.o(i.calc_MOD) for calc_MOD
[...]
    Removing rtx_thread.o(.text.osThreadGetState), (40 bytes).
    Removing rtx_thread.o(.ARM.exidx.text.osThreadGetState), (8 bytes).
    Removing rtx_thread.o(.text.osThreadGetStackSize), (36 bytes).
    Removing rtx_thread.o(.ARM.exidx.text.osThreadGetStackSize), (8 bytes).
    Removing rtx_thread.o(.text.osThreadGetStackSpace), (36 bytes).
    Removing rtx_thread.o(.ARM.exidx.text.osThreadGetStackSpace), (8 bytes).
    Removing rtx_thread.o(.text.osThreadSetPriority), (40 bytes).
    Removing rtx_thread.o(.ARM.exidx.text.osThreadSetPriority), (8 bytes).
    Removing rtx_thread.o(.text.osThreadGetPriority), (40 bytes).
    Removing rtx_thread.o(.ARM.exidx.text.osThreadGetPriority), (8 bytes).
    Removing rtx_thread.o(.text.osThreadYield), (36 bytes).
    Removing rtx_thread.o(.ARM.exidx.text.osThreadYield), (8 bytes).
    Removing rtx_thread.o(.text.osThreadSuspend), (40 bytes).
    Removing rtx_thread.o(.ARM.exidx.text.osThreadSuspend), (8 bytes).
    Removing rtx_thread.o(.text.osThreadResume), (40 bytes).
    Removing rtx_thread.o(.ARM.exidx.text.osThreadResume), (8 bytes).
    Removing rtx_thread.o(.text.osThreadDetach), (40 bytes).
    Removing rtx_thread.o(.ARM.exidx.text.osThreadDetach), (8 bytes).
    Removing rtx_thread.o(.text.osThreadJoin), (40 bytes).
    Removing rtx_thread.o(.ARM.exidx.text.osThreadJoin), (8 bytes).
    Removing rtx_thread.o(.ARM.exidx.text.osThreadExit), (8 bytes).
    Removing rtx_thread.o(.text.osThreadTerminate), (40 bytes).
    Removing rtx_thread.o(.ARM.exidx.text.osThreadTerminate), (8 bytes).
    Removing rtx_thread.o(.text.osThreadGetCount), (32 bytes).
    Removing rtx_thread.o(.ARM.exidx.text.osThreadGetCount), (8 bytes).
    Removing rtx_thread.o(.text.osThreadEnumerate), (36 bytes).
    Removing rtx_thread.o(.ARM.exidx.text.osThreadEnumerate), (8 bytes).
    Removing rtx_thread.o(.ARM.exidx.text.osThreadFlagsSet), (8 bytes).
    Removing rtx_thread.o(.text.osThreadFlagsClear), (40 bytes).
    Removing rtx_thread.o(.ARM.exidx.text.osThreadFlagsClear), (8 bytes).
    Removing rtx_thread.o(.text.osThreadFlagsGet), (32 bytes).
    Removing rtx_thread.o(.ARM.exidx.text.osThreadFlagsGet), (8 bytes).
    Removing rtx_thread.o(.ARM.exidx.text.osThreadFlagsWait), (8 bytes).
    Removing rtx_thread.o(.ARM.exidx.text.osRtxThreadPostProcess), (8 bytes).
    Removing rtx_thread.o(.ARM.exidx.text.ThreadFlagsCheck), (8 bytes).
    Removing rtx_thread.o(.text.svcRtxThreadGetName), (18 bytes).
    Removing rtx_thread.o(.ARM.exidx.text.svcRtxThreadGetName), (8 bytes).
    Removing rtx_thread.o(.text.svcRtxThreadGetState), (24 bytes).
    Removing rtx_thread.o(.ARM.exidx.text.svcRtxThreadGetState), (8 bytes).
    Removing rtx_thread.o(.text.svcRtxThreadGetStackSize), (18 bytes).
    Removing rtx_thread.o(.ARM.exidx.text.svcRtxThreadGetStackSize), (8 bytes).
    Removing rtx_thread.o(.text.svcRtxThreadGetStackSpace), (68 bytes).
    Removing rtx_thread.o(.ARM.exidx.text.svcRtxThreadGetStackSpace), (8 bytes).
    Removing rtx_thread.o(.text.svcRtxThreadSetPriority), (72 bytes).
    Removing rtx_thread.o(.ARM.exidx.text.svcRtxThreadSetPriority), (8 bytes).
    Removing rtx_thread.o(.text.svcRtxThreadGetPriority), (28 bytes).
    Removing rtx_thread.o(.ARM.exidx.text.svcRtxThreadGetPriority), (8 bytes).
    Removing rtx_thread.o(.text.svcRtxThreadYield), (56 bytes).
    Removing rtx_thread.o(.ARM.exidx.text.svcRtxThreadYield), (8 bytes).
    Removing rtx_thread.o(.text.svcRtxThreadSuspend), (136 bytes).
    Removing rtx_thread.o(.ARM.exidx.text.svcRtxThreadSuspend), (8 bytes).
    Removing rtx_thread.o(.text.svcRtxThreadResume), (54 bytes).
    Removing rtx_thread.o(.ARM.exidx.text.svcRtxThreadResume), (8 bytes).
    Removing rtx_thread.o(.text.svcRtxThreadDetach), (58 bytes).
    Removing rtx_thread.o(.ARM.exidx.text.svcRtxThreadDetach), (8 bytes).
    Removing rtx_thread.o(.text.osRtxThreadListUnlink), (36 bytes).
    Removing rtx_thread.o(.ARM.exidx.text.osRtxThreadListUnlink), (8 bytes).
    Removing rtx_thread.o(.ARM.exidx.text.osRtxThreadFree), (8 bytes).
    Removing rtx_thread.o(.text.svcRtxThreadJoin), (92 bytes).
    Removing rtx_thread.o(.ARM.exidx.text.svcRtxThreadJoin), (8 bytes).
    Removing rtx_thread.o(.ARM.exidx.text.svcRtxThreadExit), (8 bytes).
    Removing rtx_thread.o(.text.svcRtxThreadTerminate), (188 bytes).
    Removing rtx_thread.o(.ARM.exidx.text.svcRtxThreadTerminate), (8 bytes).
    Removing rtx_thread.o(.text.svcRtxThreadGetCount), (56 bytes).
    Removing rtx_thread.o(.ARM.exidx.text.svcRtxThreadGetCount), (8 bytes).
    Removing rtx_thread.o(.text.svcRtxThreadEnumerate), (96 bytes).
    Removing rtx_thread.o(.ARM.exidx.text.svcRtxThreadEnumerate), (8 bytes).
    Removing rtx_thread.o(.ARM.exidx.text.svcRtxThreadFlagsSet), (8 bytes).
    Removing rtx_thread.o(.text.svcRtxThreadFlagsClear), (56 bytes).
    Removing rtx_thread.o(.ARM.exidx.text.svcRtxThreadFlagsClear), (8 bytes).
    Removing rtx_thread.o(.text.svcRtxThreadFlagsGet), (20 bytes).
    Removing rtx_thread.o(.ARM.exidx.text.svcRtxThreadFlagsGet), (8 bytes).
    Removing rtx_thread.o(.ARM.exidx.text.svcRtxThreadFlagsWait), (8 bytes).
    Removing rtx_delay.o(.text), (0 bytes).
    Removing rtx_delay.o(.ARM.exidx.text.osDelay), (8 bytes).
    Removing rtx_delay.o(.text.osDelayUntil), (40 bytes).
    Removing rtx_delay.o(.ARM.exidx.text.osDelayUntil), (8 bytes).
    Removing rtx_delay.o(.ARM.exidx.text.svcRtxDelay), (8 bytes).
    Removing rtx_delay.o(.text.svcRtxDelayUntil), (32 bytes).
    Removing rtx_delay.o(.ARM.exidx.text.svcRtxDelayUntil), (8 bytes).
    Removing rtx_msgqueue.o(.text), (0 bytes).
    Removing rtx_msgqueue.o(.ARM.exidx.text.osMessageQueueNew), (8 bytes).
    Removing rtx_msgqueue.o(.text.osMessageQueueGetName), (36 bytes).
    Removing rtx_msgqueue.o(.ARM.exidx.text.osMessageQueueGetName), (8 bytes).
    Removing rtx_msgqueue.o(.ARM.exidx.text.osMessageQueuePut), (8 bytes).
    Removing rtx_msgqueue.o(.ARM.exidx.text.osMessageQueueGet), (8 bytes).
    Removing rtx_msgqueue.o(.text.osMessageQueueGetCapacity), (48 bytes).
    Removing rtx_msgqueue.o(.ARM.exidx.text.osMessageQueueGetCapacity), (8 bytes).
    Removing rtx_msgqueue.o(.text.svcRtxMessageQueueGetCapacity), (18 bytes).
    Removing rtx_msgqueue.o(.ARM.exidx.text.svcRtxMessageQueueGetCapacity), (8 bytes).
    Removing rtx_msgqueue.o(.text.osMessageQueueGetMsgSize), (48 bytes).
    Removing rtx_msgqueue.o(.ARM.exidx.text.osMessageQueueGetMsgSize), (8 bytes).
    Removing rtx_msgqueue.o(.text.svcRtxMessageQueueGetMsgSize), (18 bytes).
    Removing rtx_msgqueue.o(.ARM.exidx.text.svcRtxMessageQueueGetMsgSize), (8 bytes).
    Removing rtx_msgqueue.o(.text.osMessageQueueGetCount), (48 bytes).
    Removing rtx_msgqueue.o(.ARM.exidx.text.osMessageQueueGetCount), (8 bytes).
    Removing rtx_msgqueue.o(.text.svcRtxMessageQueueGetCount), (18 bytes).
    Removing rtx_msgqueue.o(.ARM.exidx.text.svcRtxMessageQueueGetCount), (8 bytes).
    Removing rtx_msgqueue.o(.text.osMessageQueueGetSpace), (36 bytes).
    Removing rtx_msgqueue.o(.ARM.exidx.text.osMessageQueueGetSpace), (8 bytes).
    Removing rtx_msgqueue.o(.text.svcRtxMessageQueueGetSpace), (22 bytes).
    Removing rtx_msgqueue.o(.ARM.exidx.text.svcRtxMessageQueueGetSpace), (8 bytes).
    Removing rtx_msgqueue.o(.text.osMessageQueueReset), (40 bytes).
    Removing rtx_msgqueue.o(.ARM.exidx.text.osMessageQueueReset), (8 bytes).
    Removing rtx_msgqueue.o(.text.osMessageQueueDelete), (40 bytes).
    Removing rtx_msgqueue.o(.ARM.exidx.text.osMessageQueueDelete), (8 bytes).
    Removing rtx_msgqueue.o(.ARM.exidx.text.svcRtxMessageQueueNew), (8 bytes).
    Removing rtx_msgqueue.o(.ARM.exidx.text.osRtxMessageQueuePostProcess), (8 bytes).
    Removing rtx_msgqueue.o(.ARM.exidx.text.MessageQueueRemove), (8 bytes).
    Removing rtx_msgqueue.o(.ARM.exidx.text.MessageQueuePut), (8 bytes).
    Removing rtx_msgqueue.o(.text.svcRtxMessageQueueGetName), (18 bytes).
    Removing rtx_msgqueue.o(.ARM.exidx.text.svcRtxMessageQueueGetName), (8 bytes).
    Removing rtx_msgqueue.o(.ARM.exidx.text.svcRtxMessageQueuePut), (8 bytes).
    Removing rtx_msgqueue.o(.ARM.exidx.text.MessageQueueGet), (8 bytes).
    Removing rtx_msgqueue.o(.ARM.exidx.text.svcRtxMessageQueueGet), (8 bytes).
    Removing rtx_msgqueue.o(.text.svcRtxMessageQueueReset), (162 bytes).
    Removing rtx_msgqueue.o(.ARM.exidx.text.svcRtxMessageQueueReset), (8 bytes).
    Removing rtx_msgqueue.o(.text.svcRtxMessageQueueDelete), (112 bytes).
    Removing rtx_msgqueue.o(.ARM.exidx.text.svcRtxMessageQueueDelete), (8 bytes).
    Removing irq_cm0.o(.constdata), (1 bytes).
    Removing rtx_timer.o(.text), (0 bytes).
    Removing rtx_timer.o(.ARM.exidx.text.osRtxTimerThread), (8 bytes).
    Removing rtx_timer.o(.ARM.exidx.text.osRtxTimerTick), (8 bytes).
    Removing rtx_timer.o(.text.osTimerNew), (36 bytes).
    Removing rtx_timer.o(.ARM.exidx.text.osTimerNew), (8 bytes).
    Removing rtx_timer.o(.text.osTimerGetName), (36 bytes).
    Removing rtx_timer.o(.ARM.exidx.text.osTimerGetName), (8 bytes).
    Removing rtx_timer.o(.text.osTimerStart), (40 bytes).
    Removing rtx_timer.o(.ARM.exidx.text.osTimerStart), (8 bytes).
    Removing rtx_timer.o(.text.osTimerStop), (40 bytes).
    Removing rtx_timer.o(.ARM.exidx.text.osTimerStop), (8 bytes).
    Removing rtx_timer.o(.text.osTimerIsRunning), (36 bytes).
    Removing rtx_timer.o(.ARM.exidx.text.osTimerIsRunning), (8 bytes).
    Removing rtx_timer.o(.text.osTimerDelete), (40 bytes).
    Removing rtx_timer.o(.ARM.exidx.text.osTimerDelete), (8 bytes).
    Removing rtx_timer.o(.ARM.exidx.text.TimerInsert), (8 bytes).
    Removing rtx_timer.o(.text.svcRtxTimerNew), (132 bytes).
    Removing rtx_timer.o(.ARM.exidx.text.svcRtxTimerNew), (8 bytes).
    Removing rtx_timer.o(.text.svcRtxTimerGetName), (18 bytes).
    Removing rtx_timer.o(.ARM.exidx.text.svcRtxTimerGetName), (8 bytes).
    Removing rtx_timer.o(.text.svcRtxTimerStart), (72 bytes).
    Removing rtx_timer.o(.ARM.exidx.text.svcRtxTimerStart), (8 bytes).
    Removing rtx_timer.o(.text.TimerRemove), (40 bytes).
    Removing rtx_timer.o(.ARM.exidx.text.TimerRemove), (8 bytes).
    Removing rtx_timer.o(.text.svcRtxTimerStop), (42 bytes).
    Removing rtx_timer.o(.ARM.exidx.text.svcRtxTimerStop), (8 bytes).
    Removing rtx_timer.o(.text.svcRtxTimerIsRunning), (24 bytes).
    Removing rtx_timer.o(.ARM.exidx.text.svcRtxTimerIsRunning), (8 bytes).
    Removing rtx_timer.o(.text.svcRtxTimerDelete), (76 bytes).
    Removing rtx_timer.o(.ARM.exidx.text.svcRtxTimerDelete), (8 bytes).
    Removing rtx_mutex.o(.text), (0 bytes).
    Removing rtx_mutex.o(.ARM.exidx.text.osRtxMutexOwnerRelease), (8 bytes).
    Removing rtx_mutex.o(.text.osMutexNew), (36 bytes).
    Removing rtx_mutex.o(.ARM.exidx.text.osMutexNew), (8 bytes).
    Removing rtx_mutex.o(.text.osMutexGetName), (36 bytes).
    Removing rtx_mutex.o(.ARM.exidx.text.osMutexGetName), (8 bytes).
    Removing rtx_mutex.o(.text.osMutexAcquire), (40 bytes).
    Removing rtx_mutex.o(.ARM.exidx.text.osMutexAcquire), (8 bytes).
    Removing rtx_mutex.o(.text.osMutexRelease), (40 bytes).
    Removing rtx_mutex.o(.ARM.exidx.text.osMutexRelease), (8 bytes).
    Removing rtx_mutex.o(.text.osMutexGetOwner), (36 bytes).
    Removing rtx_mutex.o(.ARM.exidx.text.osMutexGetOwner), (8 bytes).
    Removing rtx_mutex.o(.text.osMutexDelete), (40 bytes).
    Removing rtx_mutex.o(.ARM.exidx.text.osMutexDelete), (8 bytes).
    Removing rtx_mutex.o(.text.svcRtxMutexNew), (112 bytes).
    Removing rtx_mutex.o(.ARM.exidx.text.svcRtxMutexNew), (8 bytes).
    Removing rtx_mutex.o(.text.svcRtxMutexGetName), (18 bytes).
    Removing rtx_mutex.o(.ARM.exidx.text.svcRtxMutexGetName), (8 bytes).
    Removing rtx_mutex.o(.text.svcRtxMutexAcquire), (152 bytes).
    Removing rtx_mutex.o(.ARM.exidx.text.svcRtxMutexAcquire), (8 bytes).
    Removing rtx_mutex.o(.text.svcRtxMutexRelease), (192 bytes).
    Removing rtx_mutex.o(.ARM.exidx.text.svcRtxMutexRelease), (8 bytes).
    Removing rtx_mutex.o(.text.svcRtxMutexGetOwner), (24 bytes).
    Removing rtx_mutex.o(.ARM.exidx.text.svcRtxMutexGetOwner), (8 bytes).
    Removing rtx_mutex.o(.text.svcRtxMutexDelete), (188 bytes).
    Removing rtx_mutex.o(.ARM.exidx.text.svcRtxMutexDelete), (8 bytes).
    Removing rtx_memory.o(.text), (0 bytes).
    Removing rtx_memory.o(.ARM.exidx.text.osRtxMemoryInit), (8 bytes).
    Removing rtx_memory.o(.ARM.exidx.text.osRtxMemoryAlloc), (8 bytes).
    Removing rtx_memory.o(.ARM.exidx.text.osRtxMemoryFree), (8 bytes).
    Removing rtx_mempool.o(.text), (0 bytes).
    Removing rtx_mempool.o(.ARM.exidx.text.osRtxMemoryPoolInit), (8 bytes).
    Removing rtx_mempool.o(.ARM.exidx.text.osRtxMemoryPoolAlloc), (8 bytes).
    Removing rtx_mempool.o(.ARM.exidx.text.osRtxMemoryPoolFree), (8 bytes).
    Removing rtx_mempool.o(.text.osMemoryPoolNew), (36 bytes).
    Removing rtx_mempool.o(.ARM.exidx.text.osMemoryPoolNew), (8 bytes).
    Removing rtx_mempool.o(.text.osMemoryPoolGetName), (36 bytes).
    Removing rtx_mempool.o(.ARM.exidx.text.osMemoryPoolGetName), (8 bytes).
    Removing rtx_mempool.o(.text.osMemoryPoolAlloc), (56 bytes).
    Removing rtx_mempool.o(.ARM.exidx.text.osMemoryPoolAlloc), (8 bytes).
    Removing rtx_mempool.o(.text.osMemoryPoolFree), (72 bytes).
    Removing rtx_mempool.o(.ARM.exidx.text.osMemoryPoolFree), (8 bytes).
    Removing rtx_mempool.o(.text.osMemoryPoolGetCapacity), (48 bytes).
    Removing rtx_mempool.o(.ARM.exidx.text.osMemoryPoolGetCapacity), (8 bytes).
    Removing rtx_mempool.o(.text.svcRtxMemoryPoolGetCapacity), (18 bytes).
    Removing rtx_mempool.o(.ARM.exidx.text.svcRtxMemoryPoolGetCapacity), (8 bytes).
    Removing rtx_mempool.o(.text.osMemoryPoolGetBlockSize), (48 bytes).
    Removing rtx_mempool.o(.ARM.exidx.text.osMemoryPoolGetBlockSize), (8 bytes).
    Removing rtx_mempool.o(.text.svcRtxMemoryPoolGetBlockSize), (18 bytes).
    Removing rtx_mempool.o(.ARM.exidx.text.svcRtxMemoryPoolGetBlockSize), (8 bytes).
    Removing rtx_mempool.o(.text.osMemoryPoolGetCount), (48 bytes).
    Removing rtx_mempool.o(.ARM.exidx.text.osMemoryPoolGetCount), (8 bytes).
    Removing rtx_mempool.o(.text.svcRtxMemoryPoolGetCount), (18 bytes).
    Removing rtx_mempool.o(.ARM.exidx.text.svcRtxMemoryPoolGetCount), (8 bytes).
    Removing rtx_mempool.o(.text.osMemoryPoolGetSpace), (36 bytes).
    Removing rtx_mempool.o(.ARM.exidx.text.osMemoryPoolGetSpace), (8 bytes).
    Removing rtx_mempool.o(.text.svcRtxMemoryPoolGetSpace), (22 bytes).
    Removing rtx_mempool.o(.ARM.exidx.text.svcRtxMemoryPoolGetSpace), (8 bytes).
    Removing rtx_mempool.o(.text.osMemoryPoolDelete), (40 bytes).
    Removing rtx_mempool.o(.ARM.exidx.text.osMemoryPoolDelete), (8 bytes).
    Removing rtx_mempool.o(.text.svcRtxMemoryPoolNew), (444 bytes).
    Removing rtx_mempool.o(.ARM.exidx.text.svcRtxMemoryPoolNew), (8 bytes).
    Removing rtx_mempool.o(.text.osRtxMemoryPoolPostProcess), (40 bytes).
    Removing rtx_mempool.o(.ARM.exidx.text.osRtxMemoryPoolPostProcess), (8 bytes).
    Removing rtx_mempool.o(.text.svcRtxMemoryPoolGetName), (18 bytes).
    Removing rtx_mempool.o(.ARM.exidx.text.svcRtxMemoryPoolGetName), (8 bytes).
    Removing rtx_mempool.o(.text.svcRtxMemoryPoolAlloc), (64 bytes).
    Removing rtx_mempool.o(.ARM.exidx.text.svcRtxMemoryPoolAlloc), (8 bytes).
    Removing rtx_mempool.o(.text.svcRtxMemoryPoolFree), (72 bytes).
    Removing rtx_mempool.o(.ARM.exidx.text.svcRtxMemoryPoolFree), (8 bytes).
    Removing rtx_mempool.o(.text.svcRtxMemoryPoolDelete), (112 bytes).
    Removing rtx_mempool.o(.ARM.exidx.text.svcRtxMemoryPoolDelete), (8 bytes).
    Removing rtx_system.o(.text), (0 bytes).
    Removing rtx_system.o(.ARM.exidx.text.osRtxTick_Handler), (8 bytes).
    Removing rtx_system.o(.ARM.exidx.text.osRtxPendSV_Handler), (8 bytes).
    Removing rtx_system.o(.ARM.exidx.text.osRtxPostProcess), (8 bytes).
    Removing os_systick.o(.text), (0 bytes).
    Removing os_systick.o(.ARM.exidx.text.OS_Tick_Setup), (8 bytes).
    Removing os_systick.o(.ARM.exidx.text.OS_Tick_Enable), (8 bytes).
    Removing os_systick.o(.text.OS_Tick_Disable), (40 bytes).
    Removing os_systick.o(.ARM.exidx.text.OS_Tick_Disable), (8 bytes).
    Removing os_systick.o(.ARM.exidx.text.OS_Tick_AcknowledgeIRQ), (8 bytes).
    Removing os_systick.o(.ARM.exidx.text.OS_Tick_GetIRQn), (8 bytes).
    Removing os_systick.o(.text.OS_Tick_GetClock), (12 bytes).
    Removing os_systick.o(.ARM.exidx.text.OS_Tick_GetClock), (8 bytes).
    Removing os_systick.o(.text.OS_Tick_GetInterval), (12 bytes).
    Removing os_systick.o(.ARM.exidx.text.OS_Tick_GetInterval), (8 bytes).
    Removing os_systick.o(.text.OS_Tick_GetCount), (16 bytes).
    Removing os_systick.o(.ARM.exidx.text.OS_Tick_GetCount), (8 bytes).
    Removing os_systick.o(.text.OS_Tick_GetOverflow), (16 bytes).
    Removing os_systick.o(.ARM.exidx.text.OS_Tick_GetOverflow), (8 bytes).

333 unused section(s) (total 8159 bytes) removed from the image.

==============================================================================

Image Symbol Table

    Local Symbols

    Symbol Name                              Value     Ov Type        Size  Object(Section)

    RESET                                    0x00000000   Section      192  startup_mkl25z4.o(RESET)
    ../clib/../cmprslib/zerorunl.c           0x00000000   Number         0  __dczerorl.o ABSOLUTE
    ../clib/microlib/division.c              0x00000000   Number         0  uidiv.o ABSOLUTE
    ../clib/microlib/division.c              0x00000000   Number         0  idiv.o ABSOLUTE
    ../clib/microlib/init/entry.s            0x00000000   Number         0  entry2.o ABSOLUTE
    ../clib/microlib/init/entry.s            0x00000000   Number         0  entry10b.o ABSOLUTE
    ../clib/microlib/init/entry.s            0x00000000   Number         0  entry.o ABSOLUTE
    ../clib/microlib/init/entry.s            0x00000000   Number         0  entry9a.o ABSOLUTE
    ../clib/microlib/init/entry.s            0x00000000   Number         0  entry11b.o ABSOLUTE
    ../clib/microlib/init/entry.s            0x00000000   Number         0  entry8b.o ABSOLUTE
    ../clib/microlib/init/entry.s            0x00000000   Number         0  entry8a.o ABSOLUTE
    ../clib/microlib/init/entry.s            0x00000000   Number         0  entry7b.o ABSOLUTE
    ../clib/microlib/init/entry.s            0x00000000   Number         0  entry7a.o ABSOLUTE
    ../clib/microlib/init/entry.s            0x00000000   Number         0  entry10a.o ABSOLUTE
    ../clib/microlib/init/entry.s            0x00000000   Number         0  entry5.o ABSOLUTE
    ../clib/microlib/init/entry.s            0x00000000   Number         0  entry9b.o ABSOLUTE
    ../clib/microlib/init/entry.s            0x00000000   Number         0  entry11a.o ABSOLUTE
    ../clib/microlib/longlong.c              0x00000000   Number         0  llushr.o ABSOLUTE
    ../clib/microlib/longlong.c              0x00000000   Number         0  llshl.o ABSOLUTE
    ../clib/microlib/string/memcpy.c         0x00000000   Number         0  memcpya.o ABSOLUTE
    ../clib/microlib/string/memcpy.c         0x00000000   Number         0  memcpyb.o ABSOLUTE
    ../clib/microlib/string/memset.c         0x00000000   Number         0  memseta.o ABSOLUTE
    ../clib/microlib/stubs.s                 0x00000000   Number         0  iusefp.o ABSOLUTE
    ../fplib/microlib/d2f.c                  0x00000000   Number         0  d2f.o ABSOLUTE
    ../fplib/microlib/fpadd.c                0x00000000   Number         0  fadd.o ABSOLUTE
    ../fplib/microlib/fpdiv.c                0x00000000   Number         0  fdiv.o ABSOLUTE
    ../fplib/microlib/fpdiv.c                0x00000000   Number         0  ddiv.o ABSOLUTE
    ../fplib/microlib/fpepilogue.c           0x00000000   Number         0  depilogue.o ABSOLUTE
    ../fplib/microlib/fpepilogue.c           0x00000000   Number         0  fepilogue.o ABSOLUTE
    ../fplib/microlib/fpfix.c                0x00000000   Number         0  ffixi.o ABSOLUTE
    ../fplib/microlib/fpflt.c                0x00000000   Number         0  dflti.o ABSOLUTE
    ..\..\..\Source\ARM\irq_cm0.s            0x00000000   Number         0  irq_cm0.o ABSOLUTE
    C:\Users\limhx\AppData\Local\Arm\Packs\ARM\CMSIS\5.6.0\CMSIS\RTOS2\RTX\Source\rtx_lib.c 0x00000000   Number         0  rtx_lib.o ABSOLUTE
    C:\\Users\\limhx\\AppData\\Local\\Arm\\Packs\\ARM\\CMSIS\\5.6.0\\CMSIS\\RTOS2\\RTX\\Source\\rtx_lib.c 0x00000000   Number         0  rtx_lib.o ABSOLUTE
    RTE\CMSIS\RTX_Config.c                   0x00000000   Number         0  rtx_config.o ABSOLUTE
    RTE\Device\MKL25Z128xxx4\startup_MKL25Z4.s 0x00000000   Number         0  startup_mkl25z4.o ABSOLUTE
    RTE\Device\MKL25Z128xxx4\system_MKL25Z4.c 0x00000000   Number         0  system_mkl25z4.o ABSOLUTE
    RTE\\CMSIS\\RTX_Config.c                 0x00000000   Number         0  rtx_config.o ABSOLUTE
    RTE\\Device\\MKL25Z128xxx4\\system_MKL25Z4.c 0x00000000   Number         0  system_mkl25z4.o ABSOLUTE
    dc.s                                     0x00000000   Number         0  dc.o ABSOLUTE
    handlers.s                               0x00000000   Number         0  handlers.o ABSOLUTE
    init.s                                   0x00000000   Number         0  init.o ABSOLUTE
    main.c                                   0x00000000   Number         0  main.o ABSOLUTE
    main.c                                   0x00000000   Number         0  main.o ABSOLUTE
    os_systick.c                             0x00000000   Number         0  os_systick.o ABSOLUTE
    rtx_delay.c                              0x00000000   Number         0  rtx_delay.o ABSOLUTE
    rtx_kernel.c                             0x00000000   Number         0  rtx_kernel.o ABSOLUTE
    rtx_memory.c                             0x00000000   Number         0  rtx_memory.o ABSOLUTE
    rtx_mempool.c                            0x00000000   Number         0  rtx_mempool.o ABSOLUTE
    rtx_msgqueue.c                           0x00000000   Number         0  rtx_msgqueue.o ABSOLUTE
    rtx_mutex.c                              0x00000000   Number         0  rtx_mutex.o ABSOLUTE
    rtx_system.c                             0x00000000   Number         0  rtx_system.o ABSOLUTE
    rtx_thread.c                             0x00000000   Number         0  rtx_thread.o ABSOLUTE
    rtx_timer.c                              0x00000000   Number         0  rtx_timer.o ABSOLUTE
    .ARM.Collect$$$$00000000                 0x000000c0   Section        0  entry.o(.ARM.Collect$$$$00000000)
    .ARM.Collect$$$$00000001                 0x000000c0   Section        4  entry2.o(.ARM.Collect$$$$00000001)
    .ARM.Collect$$$$00000004                 0x000000c4   Section        4  entry5.o(.ARM.Collect$$$$00000004)
    .ARM.Collect$$$$00000008                 0x000000c8   Section        0  entry7b.o(.ARM.Collect$$$$00000008)
    .ARM.Collect$$$$0000000A                 0x000000c8   Section        0  entry8b.o(.ARM.Collect$$$$0000000A)
    .ARM.Collect$$$$0000000B                 0x000000c8   Section        8  entry9a.o(.ARM.Collect$$$$0000000B)
    .ARM.Collect$$$$0000000D                 0x000000d0   Section        0  entry10a.o(.ARM.Collect$$$$0000000D)
    .ARM.Collect$$$$0000000F                 0x000000d0   Section        0  entry11a.o(.ARM.Collect$$$$0000000F)
    .ARM.Collect$$$$00002712                 0x000000d0   Section        4  entry2.o(.ARM.Collect$$$$00002712)
    __lit__00000000                          0x000000d0   Data           4  entry2.o(.ARM.Collect$$$$00002712)
    .text                                    0x000000d4   Section       40  startup_mkl25z4.o(.text)
    .text                                    0x000000fc   Section      164  irq_cm0.o(.text)
    .text                                    0x000001a0   Section        0  uidiv.o(.text)
    .text                                    0x000001cc   Section        0  idiv.o(.text)
    .text                                    0x000001f4   Section        0  memcpya.o(.text)
    .text                                    0x00000218   Section        0  memseta.o(.text)
    .text                                    0x0000023c   Section        0  fadd.o(.text)
    .text                                    0x000002ee   Section        0  fdiv.o(.text)
    .text                                    0x0000036c   Section        0  dflti.o(.text)
    .text                                    0x00000394   Section        0  ffixi.o(.text)
    .text                                    0x000003c6   Section        0  d2f.o(.text)
    [Anonymous Symbol]                       0x000003fe   Section        0  rtx_kernel.o(.text.osRtxKernelPreInit)
    .text                                    0x000003fe   Section        0  iusefp.o(.text)
    .ARM.__at_0x400                          0x00000400   Section       16  startup_mkl25z4.o(.ARM.__at_0x400)
    .text                                    0x00000410   Section        0  ddiv.o(.text)
    .text                                    0x00000500   Section        0  fepilogue.o(.text)
    .text                                    0x00000582   Section        0  depilogue.o(.text)
    .text                                    0x00000640   Section       36  init.o(.text)
    .text                                    0x00000664   Section        0  llshl.o(.text)
    .text                                    0x00000684   Section        0  llushr.o(.text)
    .text                                    0x000006a6   Section        0  __dczerorl.o(.text)
    [Anonymous Symbol]                       0x000006e0   Section        0  rtx_msgqueue.o(.text.MessageQueueGet)
    MessageQueueGet                          0x000006e1   Thumb Code    76  rtx_msgqueue.o(.text.MessageQueueGet)
    [Anonymous Symbol]                       0x0000072c   Section        0  rtx_msgqueue.o(.text.MessageQueuePut)
    MessageQueuePut                          0x0000072d   Thumb Code    98  rtx_msgqueue.o(.text.MessageQueuePut)
    [Anonymous Symbol]                       0x0000078e   Section        0  rtx_msgqueue.o(.text.MessageQueueRemove)
    MessageQueueRemove                       0x0000078f   Thumb Code    30  rtx_msgqueue.o(.text.MessageQueueRemove)
    [Anonymous Symbol]                       0x000007ac   Section        0  os_systick.o(.text.OS_Tick_AcknowledgeIRQ)
    __arm_cp.3_0                             0x000007b4   Number         4  os_systick.o(.text.OS_Tick_AcknowledgeIRQ)
    [Anonymous Symbol]                       0x000007b8   Section        0  os_systick.o(.text.OS_Tick_Enable)
    __arm_cp.1_0                             0x000007d8   Number         4  os_systick.o(.text.OS_Tick_Enable)
    __arm_cp.1_1                             0x000007dc   Number         4  os_systick.o(.text.OS_Tick_Enable)
    __arm_cp.1_2                             0x000007e0   Number         4  os_systick.o(.text.OS_Tick_Enable)
    [Anonymous Symbol]                       0x000007e4   Section        0  os_systick.o(.text.OS_Tick_GetIRQn)
    [Anonymous Symbol]                       0x000007ec   Section        0  os_systick.o(.text.OS_Tick_Setup)
    __arm_cp.0_0                             0x00000828   Number         4  os_systick.o(.text.OS_Tick_Setup)
    __arm_cp.0_1                             0x0000082c   Number         4  os_systick.o(.text.OS_Tick_Setup)
    __arm_cp.0_2                             0x00000830   Number         4  os_systick.o(.text.OS_Tick_Setup)
    __arm_cp.0_3                             0x00000834   Number         4  os_systick.o(.text.OS_Tick_Setup)
    [Anonymous Symbol]                       0x00000838   Section        0  rtx_thread.o(.text.ThreadFlagsCheck)
    ThreadFlagsCheck                         0x00000839   Thumb Code    78  rtx_thread.o(.text.ThreadFlagsCheck)
    [Anonymous Symbol]                       0x00000888   Section        0  rtx_timer.o(.text.TimerInsert)
    TimerInsert                              0x00000889   Thumb Code    76  rtx_timer.o(.text.TimerInsert)
    __arm_cp.8_0                             0x000008d0   Number         4  rtx_timer.o(.text.TimerInsert)
    [Anonymous Symbol]                       0x000008d4   Section        0  rtx_delay.o(.text.osDelay)
    __arm_cp.0_0                             0x000008f8   Number         4  rtx_delay.o(.text.osDelay)
    [Anonymous Symbol]                       0x000008fc   Section        0  rtx_kernel.o(.text.osKernelInitialize)
    __arm_cp.1_0                             0x00000920   Number         4  rtx_kernel.o(.text.osKernelInitialize)
    [Anonymous Symbol]                       0x00000924   Section        0  rtx_kernel.o(.text.osKernelStart)
    __arm_cp.6_0                             0x00000944   Number         4  rtx_kernel.o(.text.osKernelStart)
    [Anonymous Symbol]                       0x00000948   Section        0  rtx_msgqueue.o(.text.osMessageQueueGet)
    __arm_cp.3_0                             0x000009b8   Number         4  rtx_msgqueue.o(.text.osMessageQueueGet)
    [Anonymous Symbol]                       0x000009bc   Section        0  rtx_msgqueue.o(.text.osMessageQueueNew)
    __arm_cp.0_0                             0x000009dc   Number         4  rtx_msgqueue.o(.text.osMessageQueueNew)
    [Anonymous Symbol]                       0x000009e0   Section        0  rtx_msgqueue.o(.text.osMessageQueuePut)
    __arm_cp.2_0                             0x00000a54   Number         4  rtx_msgqueue.o(.text.osMessageQueuePut)
    [Anonymous Symbol]                       0x00000a58   Section        0  rtx_memory.o(.text.osRtxMemoryAlloc)
    [Anonymous Symbol]                       0x00000ad4   Section        0  rtx_memory.o(.text.osRtxMemoryFree)
    [Anonymous Symbol]                       0x00000b22   Section        0  rtx_memory.o(.text.osRtxMemoryInit)
    [Anonymous Symbol]                       0x00000b54   Section        0  rtx_mempool.o(.text.osRtxMemoryPoolAlloc)
    [Anonymous Symbol]                       0x00000b82   Section        0  rtx_mempool.o(.text.osRtxMemoryPoolFree)
    [Anonymous Symbol]                       0x00000bbc   Section        0  rtx_mempool.o(.text.osRtxMemoryPoolInit)
    [Anonymous Symbol]                       0x00000bfa   Section        0  rtx_msgqueue.o(.text.osRtxMessageQueuePostProcess)
    osRtxMessageQueuePostProcess             0x00000bfb   Thumb Code   188  rtx_msgqueue.o(.text.osRtxMessageQueuePostProcess)
    [Anonymous Symbol]                       0x00000cb6   Section        0  rtx_mutex.o(.text.osRtxMutexOwnerRelease)
    [Anonymous Symbol]                       0x00000cfc   Section        0  rtx_system.o(.text.osRtxPendSV_Handler)
    __arm_cp.1_0                             0x00000d78   Number         4  rtx_system.o(.text.osRtxPendSV_Handler)
    [Anonymous Symbol]                       0x00000d7c   Section        0  rtx_system.o(.text.osRtxPostProcess)
    __arm_cp.2_0                             0x00000de0   Number         4  rtx_system.o(.text.osRtxPostProcess)
    __arm_cp.2_1                             0x00000de4   Number         4  rtx_system.o(.text.osRtxPostProcess)
    [Anonymous Symbol]                       0x00000de8   Section        0  rtx_thread.o(.text.osRtxThreadBlock)
    osRtxThreadBlock                         0x00000de9   Thumb Code    56  rtx_thread.o(.text.osRtxThreadBlock)
    __arm_cp.10_0                            0x00000e1c   Number         4  rtx_thread.o(.text.osRtxThreadBlock)
    [Anonymous Symbol]                       0x00000e20   Section        0  rtx_thread.o(.text.osRtxThreadDelayInsert)
    osRtxThreadDelayInsert                   0x00000e21   Thumb Code   128  rtx_thread.o(.text.osRtxThreadDelayInsert)
    __arm_cp.14_0                            0x00000e9c   Number         4  rtx_thread.o(.text.osRtxThreadDelayInsert)
    [Anonymous Symbol]                       0x00000ea0   Section        0  rtx_thread.o(.text.osRtxThreadDelayRemove)
    osRtxThreadDelayRemove                   0x00000ea1   Thumb Code    68  rtx_thread.o(.text.osRtxThreadDelayRemove)
    __arm_cp.12_0                            0x00000ee0   Number         4  rtx_thread.o(.text.osRtxThreadDelayRemove)
    [Anonymous Symbol]                       0x00000ee4   Section        0  rtx_thread.o(.text.osRtxThreadDelayTick)
    __arm_cp.5_0                             0x00000f18   Number         4  rtx_thread.o(.text.osRtxThreadDelayTick)
    [Anonymous Symbol]                       0x00000f1c   Section        0  rtx_thread.o(.text.osRtxThreadDispatch)
    __arm_cp.9_0                             0x00000f68   Number         4  rtx_thread.o(.text.osRtxThreadDispatch)
    [Anonymous Symbol]                       0x00000f6c   Section        0  rtx_thread.o(.text.osRtxThreadFree)
    osRtxThreadFree                          0x00000f6d   Thumb Code    84  rtx_thread.o(.text.osRtxThreadFree)
    __arm_cp.52_0                            0x00000fbc   Number         4  rtx_thread.o(.text.osRtxThreadFree)
    [Anonymous Symbol]                       0x00000fc0   Section        0  rtx_thread.o(.text.osRtxThreadListGet)
    [Anonymous Symbol]                       0x00000fd4   Section        0  rtx_thread.o(.text.osRtxThreadListPut)
    [Anonymous Symbol]                       0x00001000   Section        0  rtx_thread.o(.text.osRtxThreadListRemove)
    [Anonymous Symbol]                       0x00001018   Section        0  rtx_thread.o(.text.osRtxThreadPostProcess)
    osRtxThreadPostProcess                   0x00001019   Thumb Code    38  rtx_thread.o(.text.osRtxThreadPostProcess)
    [Anonymous Symbol]                       0x00001040   Section        0  rtx_thread.o(.text.osRtxThreadReadyPut)
    __arm_cp.4_0                             0x00001054   Number         4  rtx_thread.o(.text.osRtxThreadReadyPut)
    [Anonymous Symbol]                       0x00001058   Section        0  rtx_thread.o(.text.osRtxThreadRegPtr)
    [Anonymous Symbol]                       0x00001060   Section        0  rtx_thread.o(.text.osRtxThreadStackCheck)
    __arm_cp.8_0                             0x00001084   Number         4  rtx_thread.o(.text.osRtxThreadStackCheck)
    __arm_cp.8_1                             0x00001088   Number         4  rtx_thread.o(.text.osRtxThreadStackCheck)
    [Anonymous Symbol]                       0x0000108c   Section        0  rtx_thread.o(.text.osRtxThreadStartup)
    __arm_cp.15_0                            0x000010bc   Number         4  rtx_thread.o(.text.osRtxThreadStartup)
    __arm_cp.15_1                            0x000010c0   Number         4  rtx_thread.o(.text.osRtxThreadStartup)
    __arm_cp.15_2                            0x000010c4   Number         4  rtx_thread.o(.text.osRtxThreadStartup)
    __arm_cp.15_3                            0x000010c8   Number         4  rtx_thread.o(.text.osRtxThreadStartup)
    [Anonymous Symbol]                       0x000010cc   Section        0  rtx_thread.o(.text.osRtxThreadSwitch)
    __arm_cp.7_0                             0x000010dc   Number         4  rtx_thread.o(.text.osRtxThreadSwitch)
    [Anonymous Symbol]                       0x000010e0   Section        0  rtx_thread.o(.text.osRtxThreadWaitEnter)
    __arm_cp.13_0                            0x00001118   Number         4  rtx_thread.o(.text.osRtxThreadWaitEnter)
    [Anonymous Symbol]                       0x0000111c   Section        0  rtx_thread.o(.text.osRtxThreadWaitExit)
    [Anonymous Symbol]                       0x00001140   Section        0  rtx_system.o(.text.osRtxTick_Handler)
    __arm_cp.0_0                             0x000011b0   Number         4  rtx_system.o(.text.osRtxTick_Handler)
    [Anonymous Symbol]                       0x000011b4   Section        0  rtx_timer.o(.text.osRtxTimerThread)
    __arm_cp.0_0                             0x000011e4   Number         4  rtx_timer.o(.text.osRtxTimerThread)
    __arm_cp.0_1                             0x000011e8   Number         4  rtx_timer.o(.text.osRtxTimerThread)
    __arm_cp.0_2                             0x000011ec   Number         4  rtx_timer.o(.text.osRtxTimerThread)
    [Anonymous Symbol]                       0x000011f0   Section        0  rtx_timer.o(.text.osRtxTimerTick)
    osRtxTimerTick                           0x000011f1   Thumb Code    96  rtx_timer.o(.text.osRtxTimerTick)
    __arm_cp.1_0                             0x0000124c   Number         4  rtx_timer.o(.text.osRtxTimerTick)
    [Anonymous Symbol]                       0x00001250   Section        0  rtx_thread.o(.text.osThreadExit)
    __arm_cp.31_0                            0x00001258   Number         4  rtx_thread.o(.text.osThreadExit)
    [Anonymous Symbol]                       0x0000125c   Section        0  rtx_thread.o(.text.osThreadFlagsSet)
    __arm_cp.35_0                            0x000012b0   Number         4  rtx_thread.o(.text.osThreadFlagsSet)
    [Anonymous Symbol]                       0x000012b4   Section        0  rtx_thread.o(.text.osThreadFlagsWait)
    __arm_cp.38_0                            0x000012d8   Number         4  rtx_thread.o(.text.osThreadFlagsWait)
    [Anonymous Symbol]                       0x000012dc   Section        0  rtx_thread.o(.text.osThreadNew)
    __arm_cp.17_0                            0x000012fc   Number         4  rtx_thread.o(.text.osThreadNew)
    [Anonymous Symbol]                       0x00001300   Section        0  rtx_delay.o(.text.svcRtxDelay)
    svcRtxDelay                              0x00001301   Thumb Code    18  rtx_delay.o(.text.svcRtxDelay)
    [Anonymous Symbol]                       0x00001314   Section        0  rtx_kernel.o(.text.svcRtxKernelInitialize)
    svcRtxKernelInitialize                   0x00001315   Thumb Code   328  rtx_kernel.o(.text.svcRtxKernelInitialize)
    __arm_cp.20_0                            0x00001450   Number         4  rtx_kernel.o(.text.svcRtxKernelInitialize)
    __arm_cp.20_1                            0x00001454   Number         4  rtx_kernel.o(.text.svcRtxKernelInitialize)
    __arm_cp.20_2                            0x00001458   Number         4  rtx_kernel.o(.text.svcRtxKernelInitialize)
    [Anonymous Symbol]                       0x0000145c   Section        0  rtx_kernel.o(.text.svcRtxKernelStart)
    svcRtxKernelStart                        0x0000145d   Thumb Code   132  rtx_kernel.o(.text.svcRtxKernelStart)
    __arm_cp.21_0                            0x000014d0   Number         4  rtx_kernel.o(.text.svcRtxKernelStart)
    __arm_cp.21_1                            0x000014d4   Number         4  rtx_kernel.o(.text.svcRtxKernelStart)
    __arm_cp.21_2                            0x000014d8   Number         4  rtx_kernel.o(.text.svcRtxKernelStart)
    __arm_cp.21_3                            0x000014dc   Number         4  rtx_kernel.o(.text.svcRtxKernelStart)
    [Anonymous Symbol]                       0x000014e0   Section        0  rtx_msgqueue.o(.text.svcRtxMessageQueueGet)
    svcRtxMessageQueueGet                    0x000014e1   Thumb Code   232  rtx_msgqueue.o(.text.svcRtxMessageQueueGet)
    __arm_cp.21_0                            0x000015c4   Number         4  rtx_msgqueue.o(.text.svcRtxMessageQueueGet)
    [Anonymous Symbol]                       0x000015c8   Section        0  rtx_msgqueue.o(.text.svcRtxMessageQueueNew)
    svcRtxMessageQueueNew                    0x000015c9   Thumb Code   484  rtx_msgqueue.o(.text.svcRtxMessageQueueNew)
    __arm_cp.14_0                            0x00001794   Number         4  rtx_msgqueue.o(.text.svcRtxMessageQueueNew)
    __arm_cp.14_1                            0x00001798   Number         4  rtx_msgqueue.o(.text.svcRtxMessageQueueNew)
    __arm_cp.14_2                            0x0000179c   Number         4  rtx_msgqueue.o(.text.svcRtxMessageQueueNew)
    __arm_cp.14_3                            0x000017a0   Number         4  rtx_msgqueue.o(.text.svcRtxMessageQueueNew)
    __arm_cp.14_4                            0x000017a4   Number         4  rtx_msgqueue.o(.text.svcRtxMessageQueueNew)
    __arm_cp.14_5                            0x000017a8   Number         4  rtx_msgqueue.o(.text.svcRtxMessageQueueNew)
    [Anonymous Symbol]                       0x000017ac   Section        0  rtx_msgqueue.o(.text.svcRtxMessageQueuePut)
    svcRtxMessageQueuePut                    0x000017ad   Thumb Code   188  rtx_msgqueue.o(.text.svcRtxMessageQueuePut)
    __arm_cp.19_0                            0x00001864   Number         4  rtx_msgqueue.o(.text.svcRtxMessageQueuePut)
    [Anonymous Symbol]                       0x00001868   Section        0  rtx_thread.o(.text.svcRtxThreadExit)
    svcRtxThreadExit                         0x00001869   Thumb Code   108  rtx_thread.o(.text.svcRtxThreadExit)
    __arm_cp.54_0                            0x000018d0   Number         4  rtx_thread.o(.text.svcRtxThreadExit)
    [Anonymous Symbol]                       0x000018d4   Section        0  rtx_thread.o(.text.svcRtxThreadFlagsSet)
    svcRtxThreadFlagsSet                     0x000018d5   Thumb Code   108  rtx_thread.o(.text.svcRtxThreadFlagsSet)
    [Anonymous Symbol]                       0x00001940   Section        0  rtx_thread.o(.text.svcRtxThreadFlagsWait)
    svcRtxThreadFlagsWait                    0x00001941   Thumb Code    80  rtx_thread.o(.text.svcRtxThreadFlagsWait)
    __arm_cp.61_0                            0x0000198c   Number         4  rtx_thread.o(.text.svcRtxThreadFlagsWait)
    [Anonymous Symbol]                       0x00001990   Section        0  rtx_thread.o(.text.svcRtxThreadNew)
    svcRtxThreadNew                          0x00001991   Thumb Code   492  rtx_thread.o(.text.svcRtxThreadNew)
    __arm_cp.16_0                            0x00001b64   Number         4  rtx_thread.o(.text.svcRtxThreadNew)
    __arm_cp.16_1                            0x00001b68   Number         4  rtx_thread.o(.text.svcRtxThreadNew)
    __arm_cp.16_2                            0x00001b6c   Number         4  rtx_thread.o(.text.svcRtxThreadNew)
    __arm_cp.16_3                            0x00001b70   Number         4  rtx_thread.o(.text.svcRtxThreadNew)
    __arm_cp.16_4                            0x00001b74   Number         4  rtx_thread.o(.text.svcRtxThreadNew)
    __arm_cp.16_5                            0x00001b78   Number         4  rtx_thread.o(.text.svcRtxThreadNew)
    i.SystemCoreClockUpdate                  0x00001b7c   Section        0  system_mkl25z4.o(i.SystemCoreClockUpdate)
    i.SystemInit                             0x00001d0c   Section        0  system_mkl25z4.o(i.SystemInit)
    i.UART2_IRQHandler                       0x00001e44   Section        0  main.o(i.UART2_IRQHandler)
    i.__ARM_clz                              0x00001e84   Section        0  depilogue.o(i.__ARM_clz)
    i.__ARM_common_switch8                   0x00001eb2   Section        0  main.o(i.__ARM_common_switch8)
    i.__NVIC_ClearPendingIRQ                 0x00001ed0   Section        0  main.o(i.__NVIC_ClearPendingIRQ)
    __NVIC_ClearPendingIRQ                   0x00001ed1   Thumb Code    18  main.o(i.__NVIC_ClearPendingIRQ)
    i.__NVIC_SetPriority                     0x00001ee8   Section        0  main.o(i.__NVIC_SetPriority)
    __NVIC_SetPriority                       0x00001ee9   Thumb Code   110  main.o(i.__NVIC_SetPriority)
    i.__scatterload_copy                     0x00001f60   Section       14  handlers.o(i.__scatterload_copy)
    i.__scatterload_null                     0x00001f6e   Section        2  handlers.o(i.__scatterload_null)
    i.__scatterload_zeroinit                 0x00001f70   Section       14  handlers.o(i.__scatterload_zeroinit)
    i.all_green_led_on                       0x00001f80   Section        0  main.o(i.all_green_led_on)
    i.all_red_led_flashing_running           0x00001f98   Section        0  main.o(i.all_red_led_flashing_running)
    i.all_red_led_flashing_stationary        0x00001fc8   Section        0  main.o(i.all_red_led_flashing_stationary)
    i.calc_MOD                               0x00001ff4   Section        0  main.o(i.calc_MOD)
    i.green_led_blink_twice                  0x00002064   Section        0  main.o(i.green_led_blink_twice)
    i.initLED                                0x000020b8   Section        0  main.o(i.initLED)
    i.initMotor                              0x00002200   Section        0  main.o(i.initMotor)
    i.initPWM                                0x00002390   Section        0  main.o(i.initPWM)
    i.initUART2                              0x00002448   Section        0  main.o(i.initUART2)
    i.main                                   0x00002508   Section        0  main.o(i.main)
    i.move_down                              0x0000259c   Section        0  main.o(i.move_down)
    i.move_left                              0x000025c0   Section        0  main.o(i.move_left)
    i.move_right                             0x000025e8   Section        0  main.o(i.move_right)
    i.move_up                                0x00002610   Section        0  main.o(i.move_up)
    i.off_sound                              0x00002634   Section        0  main.o(i.off_sound)
    i.osRtxErrorNotify                       0x0000265c   Section        0  rtx_config.o(i.osRtxErrorNotify)
    i.osRtxIdleThread                        0x0000267c   Section        0  rtx_config.o(i.osRtxIdleThread)
    i.play_A                                 0x00002680   Section        0  main.o(i.play_A)
    i.play_C                                 0x000026bc   Section        0  main.o(i.play_C)
    i.play_D                                 0x000026f8   Section        0  main.o(i.play_D)
    i.play_E                                 0x00002734   Section        0  main.o(i.play_E)
    i.play_F                                 0x00002770   Section        0  main.o(i.play_F)
    i.play_G                                 0x000027ac   Section        0  main.o(i.play_G)
    i.play_constant_song                     0x000027e8   Section        0  main.o(i.play_constant_song)
    i.play_end_sound                         0x0000290c   Section        0  main.o(i.play_end_sound)
    i.play_highC                             0x00002a08   Section        0  main.o(i.play_highC)
    i.play_highD                             0x00002a44   Section        0  main.o(i.play_highD)
    i.play_start_sound                       0x00002a80   Section        0  main.o(i.play_start_sound)
    i.single_green_led_on                    0x00002abc   Section        0  main.o(i.single_green_led_on)
    i.sound_break                            0x00002bc0   Section        0  main.o(i.sound_break)
    i.stop_moving                            0x00002bcc   Section        0  main.o(i.stop_moving)
    i.tAudio                                 0x00002be4   Section        0  main.o(i.tAudio)
    i.tBrain                                 0x00002c28   Section        0  main.o(i.tBrain)
    i.tGreenLED                              0x00002d50   Section        0  main.o(i.tGreenLED)
    i.tMotorControl                          0x00002da0   Section        0  main.o(i.tMotorControl)
    i.tRedLED                                0x00002e00   Section        0  main.o(i.tRedLED)
    .constdata                               0x00002e30   Section      100  rtx_lib.o(.constdata)
    os_idle_thread_attr                      0x00002e30   Data          36  rtx_lib.o(.constdata)
    os_timer_thread_attr                     0x00002e54   Data          36  rtx_lib.o(.constdata)
    os_timer_mq_attr                         0x00002e78   Data          24  rtx_lib.o(.constdata)
    .rodata                                  0x00002e94   Section      160  rtx_lib.o(.rodata)
    __tagsym$$used                           0x00002e94   Number         0  rtx_lib.o(.rodata)
    __tagsym$$used                           0x00002efc   Number         0  rtx_lib.o(.rodata)
    [Anonymous Symbol]                       0x00002f34   Section        0  rtx_kernel.o(.rodata.str1.4)
    .L.str                                   0x00002f34   Data          11  rtx_kernel.o(.rodata.str1.4)
    .bss.os                                  0x1ffff000   Section     4160  rtx_lib.o(.bss.os)
    os_mem                                   0x1ffff000   Data        4096  rtx_lib.o(.bss.os)
    os_isr_queue                             0x20000000   Data          64  rtx_lib.o(.bss.os)
    .bss.os.msgqueue.cb                      0x20000040   Section       52  rtx_lib.o(.bss.os.msgqueue.cb)
    os_timer_mq_cb                           0x20000040   Data          52  rtx_lib.o(.bss.os.msgqueue.cb)
    .bss.os.msgqueue.mem                     0x20000074   Section       80  rtx_lib.o(.bss.os.msgqueue.mem)
    os_timer_mq_data                         0x20000074   Data          80  rtx_lib.o(.bss.os.msgqueue.mem)
    .bss.os.thread.cb                        0x200000c4   Section      136  rtx_lib.o(.bss.os.thread.cb)
    os_idle_thread_cb                        0x200000c4   Data          68  rtx_lib.o(.bss.os.thread.cb)
    os_timer_thread_cb                       0x20000108   Data          68  rtx_lib.o(.bss.os.thread.cb)
    .bss.os.thread.stack                     0x20000150   Section      512  rtx_lib.o(.bss.os.thread.stack)
    os_idle_thread_stack                     0x20000150   Data         256  rtx_lib.o(.bss.os.thread.stack)
    os_timer_thread_stack                    0x20000250   Data         256  rtx_lib.o(.bss.os.thread.stack)
    .data                                    0x20000350   Section       20  main.o(.data)
    .data                                    0x20000364   Section        4  system_mkl25z4.o(.data)
    [Anonymous Symbol]                       0x2000040c   Section        0  os_systick.o(.bss.PendST)
    PendST                                   0x2000040c   Data           1  os_systick.o(.bss.PendST)
    STACK                                    0x20000410   Section      256  startup_mkl25z4.o(STACK)

    Global Symbols

    Symbol Name                              Value     Ov Type        Size  Object(Section)

    BuildAttributes$$THM_ISAv3M$S$PE$A:L22$X:L11$S22$IEEE1$IW$~IW$USESV6$~STKCKD$USESV7$~SHL$OTIME$ROPI$EBA8$MICROLIB$REQ8$PRES8$EABIv2 0x00000000   Number         0  anon$$obj.o ABSOLUTE
    __ARM_use_no_argv                        0x00000000   Number         0  main.o ABSOLUTE
    __Vectors                                0x00000000   Data           4  startup_mkl25z4.o(RESET)
    .bss.os.evflags.cb$$Base                  - Undefined Weak Reference
    .bss.os.evflags.cb$$Limit                 - Undefined Weak Reference
    .bss.os.mempool.cb$$Base                  - Undefined Weak Reference
    .bss.os.mempool.cb$$Limit                 - Undefined Weak Reference
    .bss.os.mutex.cb$$Base                    - Undefined Weak Reference
    .bss.os.mutex.cb$$Limit                   - Undefined Weak Reference
    .bss.os.semaphore.cb$$Base                - Undefined Weak Reference
    .bss.os.semaphore.cb$$Limit               - Undefined Weak Reference
    .bss.os.timer.cb$$Base                    - Undefined Weak Reference
    .bss.os.timer.cb$$Limit                   - Undefined Weak Reference
    __cpp_initialize__aeabi_                  - Undefined Weak Reference
    __cxa_finalize                            - Undefined Weak Reference
    _clock_init                               - Undefined Weak Reference
    _microlib_exit                            - Undefined Weak Reference
    __Vectors_End                            0x000000c0   Data           0  startup_mkl25z4.o(RESET)
    __Vectors_Size                           0x000000c0   Number         0  startup_mkl25z4.o ABSOLUTE
    __main                                   0x000000c1   Thumb Code     0  entry.o(.ARM.Collect$$$$00000000)
    _main_stk                                0x000000c1   Thumb Code     0  entry2.o(.ARM.Collect$$$$00000001)
    _main_scatterload                        0x000000c5   Thumb Code     0  entry5.o(.ARM.Collect$$$$00000004)
    __main_after_scatterload                 0x000000c9   Thumb Code     0  entry5.o(.ARM.Collect$$$$00000004)
    _main_clock                              0x000000c9   Thumb Code     0  entry7b.o(.ARM.Collect$$$$00000008)
    _main_cpp_init                           0x000000c9   Thumb Code     0  entry8b.o(.ARM.Collect$$$$0000000A)
    _main_init                               0x000000c9   Thumb Code     0  entry9a.o(.ARM.Collect$$$$0000000B)
    __rt_final_cpp                           0x000000d1   Thumb Code     0  entry10a.o(.ARM.Collect$$$$0000000D)
    __rt_final_exit                          0x000000d1   Thumb Code     0  entry11a.o(.ARM.Collect$$$$0000000F)
    Reset_Handler                            0x000000d5   Thumb Code    12  startup_mkl25z4.o(.text)
    NMI_Handler                              0x000000e1   Thumb Code     2  startup_mkl25z4.o(.text)
    HardFault_Handler                        0x000000e3   Thumb Code     2  startup_mkl25z4.o(.text)
    ADC0_IRQHandler                          0x000000eb   Thumb Code     0  startup_mkl25z4.o(.text)
    CMP0_IRQHandler                          0x000000eb   Thumb Code     0  startup_mkl25z4.o(.text)
    DAC0_IRQHandler                          0x000000eb   Thumb Code     0  startup_mkl25z4.o(.text)
    DMA0_IRQHandler                          0x000000eb   Thumb Code     0  startup_mkl25z4.o(.text)
    DMA1_IRQHandler                          0x000000eb   Thumb Code     0  startup_mkl25z4.o(.text)
    DMA2_IRQHandler                          0x000000eb   Thumb Code     0  startup_mkl25z4.o(.text)
    DMA3_IRQHandler                          0x000000eb   Thumb Code     0  startup_mkl25z4.o(.text)
    DefaultISR                               0x000000eb   Thumb Code     0  startup_mkl25z4.o(.text)
    FTFA_IRQHandler                          0x000000eb   Thumb Code     0  startup_mkl25z4.o(.text)
    I2C0_IRQHandler                          0x000000eb   Thumb Code     0  startup_mkl25z4.o(.text)
    I2C1_IRQHandler                          0x000000eb   Thumb Code     0  startup_mkl25z4.o(.text)
    LLWU_IRQHandler                          0x000000eb   Thumb Code     0  startup_mkl25z4.o(.text)
    LPTMR0_IRQHandler                        0x000000eb   Thumb Code     0  startup_mkl25z4.o(.text)
    LVD_LVW_IRQHandler                       0x000000eb   Thumb Code     0  startup_mkl25z4.o(.text)
    MCG_IRQHandler                           0x000000eb   Thumb Code     0  startup_mkl25z4.o(.text)
    PIT_IRQHandler                           0x000000eb   Thumb Code     0  startup_mkl25z4.o(.text)
    PORTA_IRQHandler                         0x000000eb   Thumb Code     0  startup_mkl25z4.o(.text)
    PORTD_IRQHandler                         0x000000eb   Thumb Code     0  startup_mkl25z4.o(.text)
    RTC_IRQHandler                           0x000000eb   Thumb Code     0  startup_mkl25z4.o(.text)
    RTC_Seconds_IRQHandler                   0x000000eb   Thumb Code     0  startup_mkl25z4.o(.text)
    Reserved20_IRQHandler                    0x000000eb   Thumb Code     0  startup_mkl25z4.o(.text)
    Reserved39_IRQHandler                    0x000000eb   Thumb Code     0  startup_mkl25z4.o(.text)
    Reserved45_IRQHandler                    0x000000eb   Thumb Code     0  startup_mkl25z4.o(.text)
    SPI0_IRQHandler                          0x000000eb   Thumb Code     0  startup_mkl25z4.o(.text)
    SPI1_IRQHandler                          0x000000eb   Thumb Code     0  startup_mkl25z4.o(.text)
    TPM0_IRQHandler                          0x000000eb   Thumb Code     0  startup_mkl25z4.o(.text)
    TPM1_IRQHandler                          0x000000eb   Thumb Code     0  startup_mkl25z4.o(.text)
    TPM2_IRQHandler                          0x000000eb   Thumb Code     0  startup_mkl25z4.o(.text)
    TSI0_IRQHandler                          0x000000eb   Thumb Code     0  startup_mkl25z4.o(.text)
    UART0_IRQHandler                         0x000000eb   Thumb Code     0  startup_mkl25z4.o(.text)
    UART1_IRQHandler                         0x000000eb   Thumb Code     0  startup_mkl25z4.o(.text)
    USB0_IRQHandler                          0x000000eb   Thumb Code     0  startup_mkl25z4.o(.text)
    SVC_Handler                              0x000000fd   Thumb Code   132  irq_cm0.o(.text)
    PendSV_Handler                           0x00000181   Thumb Code    12  irq_cm0.o(.text)
    SysTick_Handler                          0x0000018d   Thumb Code    12  irq_cm0.o(.text)
    __aeabi_uidiv                            0x000001a1   Thumb Code     0  uidiv.o(.text)
    __aeabi_uidivmod                         0x000001a1   Thumb Code    44  uidiv.o(.text)
    __aeabi_idiv                             0x000001cd   Thumb Code     0  idiv.o(.text)
    __aeabi_idivmod                          0x000001cd   Thumb Code    40  idiv.o(.text)
    __aeabi_memcpy                           0x000001f5   Thumb Code    36  memcpya.o(.text)
    __aeabi_memcpy4                          0x000001f5   Thumb Code     0  memcpya.o(.text)
    __aeabi_memcpy8                          0x000001f5   Thumb Code     0  memcpya.o(.text)
    __aeabi_memset                           0x00000219   Thumb Code    14  memseta.o(.text)
    __aeabi_memset4                          0x00000219   Thumb Code     0  memseta.o(.text)
    __aeabi_memset8                          0x00000219   Thumb Code     0  memseta.o(.text)
    __aeabi_memclr                           0x00000227   Thumb Code     4  memseta.o(.text)
    __aeabi_memclr4                          0x00000227   Thumb Code     0  memseta.o(.text)
    __aeabi_memclr8                          0x00000227   Thumb Code     0  memseta.o(.text)
    _memset$wrapper                          0x0000022b   Thumb Code    18  memseta.o(.text)
    __aeabi_fadd                             0x0000023d   Thumb Code   162  fadd.o(.text)
    __aeabi_fsub                             0x000002df   Thumb Code     8  fadd.o(.text)
    __aeabi_frsub                            0x000002e7   Thumb Code     8  fadd.o(.text)
    __aeabi_fdiv                             0x000002ef   Thumb Code   124  fdiv.o(.text)
    __aeabi_i2d                              0x0000036d   Thumb Code    34  dflti.o(.text)
    __aeabi_f2iz                             0x00000395   Thumb Code    50  ffixi.o(.text)
    __aeabi_d2f                              0x000003c7   Thumb Code    56  d2f.o(.text)
    __I$use$fp                               0x000003ff   Thumb Code     0  iusefp.o(.text)
    osRtxKernelPreInit                       0x000003ff   Thumb Code     2  rtx_kernel.o(.text.osRtxKernelPreInit)
    __aeabi_ddiv                             0x00000411   Thumb Code   234  ddiv.o(.text)
    _float_round                             0x00000501   Thumb Code    16  fepilogue.o(.text)
    _float_epilogue                          0x00000511   Thumb Code   114  fepilogue.o(.text)
    _double_round                            0x00000583   Thumb Code    26  depilogue.o(.text)
    _double_epilogue                         0x0000059d   Thumb Code   164  depilogue.o(.text)
    __scatterload                            0x00000641   Thumb Code    28  init.o(.text)
    __scatterload_rt2                        0x00000641   Thumb Code     0  init.o(.text)
    __aeabi_llsl                             0x00000665   Thumb Code    32  llshl.o(.text)
    _ll_shift_l                              0x00000665   Thumb Code     0  llshl.o(.text)
    __aeabi_llsr                             0x00000685   Thumb Code    34  llushr.o(.text)
    _ll_ushift_r                             0x00000685   Thumb Code     0  llushr.o(.text)
    __decompress                             0x000006a7   Thumb Code     0  __dczerorl.o(.text)
    __decompress0                            0x000006a7   Thumb Code    58  __dczerorl.o(.text)
    OS_Tick_AcknowledgeIRQ                   0x000007ad   Thumb Code    12  os_systick.o(.text.OS_Tick_AcknowledgeIRQ)
    OS_Tick_Enable                           0x000007b9   Thumb Code    44  os_systick.o(.text.OS_Tick_Enable)
    OS_Tick_GetIRQn                          0x000007e5   Thumb Code     6  os_systick.o(.text.OS_Tick_GetIRQn)
    OS_Tick_Setup                            0x000007ed   Thumb Code    76  os_systick.o(.text.OS_Tick_Setup)
    osDelay                                  0x000008d5   Thumb Code    40  rtx_delay.o(.text.osDelay)
    osKernelInitialize                       0x000008fd   Thumb Code    40  rtx_kernel.o(.text.osKernelInitialize)
    osKernelStart                            0x00000925   Thumb Code    36  rtx_kernel.o(.text.osKernelStart)
    osMessageQueueGet                        0x00000949   Thumb Code   116  rtx_msgqueue.o(.text.osMessageQueueGet)
    osMessageQueueNew                        0x000009bd   Thumb Code    36  rtx_msgqueue.o(.text.osMessageQueueNew)
    osMessageQueuePut                        0x000009e1   Thumb Code   120  rtx_msgqueue.o(.text.osMessageQueuePut)
    osRtxMemoryAlloc                         0x00000a59   Thumb Code   124  rtx_memory.o(.text.osRtxMemoryAlloc)
    osRtxMemoryFree                          0x00000ad5   Thumb Code    78  rtx_memory.o(.text.osRtxMemoryFree)
    osRtxMemoryInit                          0x00000b23   Thumb Code    50  rtx_memory.o(.text.osRtxMemoryInit)
    osRtxMemoryPoolAlloc                     0x00000b55   Thumb Code    46  rtx_mempool.o(.text.osRtxMemoryPoolAlloc)
    osRtxMemoryPoolFree                      0x00000b83   Thumb Code    58  rtx_mempool.o(.text.osRtxMemoryPoolFree)
    osRtxMemoryPoolInit                      0x00000bbd   Thumb Code    62  rtx_mempool.o(.text.osRtxMemoryPoolInit)
    osRtxMutexOwnerRelease                   0x00000cb7   Thumb Code    68  rtx_mutex.o(.text.osRtxMutexOwnerRelease)
    osRtxPendSV_Handler                      0x00000cfd   Thumb Code   128  rtx_system.o(.text.osRtxPendSV_Handler)
    osRtxPostProcess                         0x00000d7d   Thumb Code   108  rtx_system.o(.text.osRtxPostProcess)
    osRtxThreadDelayTick                     0x00000ee5   Thumb Code    56  rtx_thread.o(.text.osRtxThreadDelayTick)
    osRtxThreadDispatch                      0x00000f1d   Thumb Code    80  rtx_thread.o(.text.osRtxThreadDispatch)
    osRtxThreadListGet                       0x00000fc1   Thumb Code    20  rtx_thread.o(.text.osRtxThreadListGet)
    osRtxThreadListPut                       0x00000fd5   Thumb Code    44  rtx_thread.o(.text.osRtxThreadListPut)
    osRtxThreadListRemove                    0x00001001   Thumb Code    24  rtx_thread.o(.text.osRtxThreadListRemove)
    osRtxThreadReadyPut                      0x00001041   Thumb Code    24  rtx_thread.o(.text.osRtxThreadReadyPut)
    osRtxThreadRegPtr                        0x00001059   Thumb Code     6  rtx_thread.o(.text.osRtxThreadRegPtr)
    osRtxThreadStackCheck                    0x00001061   Thumb Code    44  rtx_thread.o(.text.osRtxThreadStackCheck)
    osRtxThreadStartup                       0x0000108d   Thumb Code    64  rtx_thread.o(.text.osRtxThreadStartup)
    osRtxThreadSwitch                        0x000010cd   Thumb Code    20  rtx_thread.o(.text.osRtxThreadSwitch)
    osRtxThreadWaitEnter                     0x000010e1   Thumb Code    60  rtx_thread.o(.text.osRtxThreadWaitEnter)
    osRtxThreadWaitExit                      0x0000111d   Thumb Code    34  rtx_thread.o(.text.osRtxThreadWaitExit)
    osRtxTick_Handler                        0x00001141   Thumb Code   116  rtx_system.o(.text.osRtxTick_Handler)
    osRtxTimerThread                         0x000011b5   Thumb Code    60  rtx_timer.o(.text.osRtxTimerThread)
    osThreadExit                             0x00001251   Thumb Code    12  rtx_thread.o(.text.osThreadExit)
    osThreadFlagsSet                         0x0000125d   Thumb Code    88  rtx_thread.o(.text.osThreadFlagsSet)
    osThreadFlagsWait                        0x000012b5   Thumb Code    40  rtx_thread.o(.text.osThreadFlagsWait)
    osThreadNew                              0x000012dd   Thumb Code    36  rtx_thread.o(.text.osThreadNew)
    SystemCoreClockUpdate                    0x00001b7d   Thumb Code   372  system_mkl25z4.o(i.SystemCoreClockUpdate)
    SystemInit                               0x00001d0d   Thumb Code   266  system_mkl25z4.o(i.SystemInit)
    UART2_IRQHandler                         0x00001e45   Thumb Code    56  main.o(i.UART2_IRQHandler)
    __ARM_clz                                0x00001e85   Thumb Code    46  depilogue.o(i.__ARM_clz)
    __ARM_common_switch8                     0x00001eb3   Thumb Code    28  main.o(i.__ARM_common_switch8)
    __scatterload_copy                       0x00001f61   Thumb Code    14  handlers.o(i.__scatterload_copy)
    __scatterload_null                       0x00001f6f   Thumb Code     2  handlers.o(i.__scatterload_null)
    __scatterload_zeroinit                   0x00001f71   Thumb Code    14  handlers.o(i.__scatterload_zeroinit)
    all_green_led_on                         0x00001f81   Thumb Code    14  main.o(i.all_green_led_on)
    all_red_led_flashing_running             0x00001f99   Thumb Code    44  main.o(i.all_red_led_flashing_running)
    all_red_led_flashing_stationary          0x00001fc9   Thumb Code    40  main.o(i.all_red_led_flashing_stationary)
    calc_MOD                                 0x00001ff5   Thumb Code   102  main.o(i.calc_MOD)
    green_led_blink_twice                    0x00002065   Thumb Code    76  main.o(i.green_led_blink_twice)
    initLED                                  0x000020b9   Thumb Code   306  main.o(i.initLED)
    initMotor                                0x00002201   Thumb Code   378  main.o(i.initMotor)
    initPWM                                  0x00002391   Thumb Code   170  main.o(i.initPWM)
    initUART2                                0x00002449   Thumb Code   170  main.o(i.initUART2)
    main                                     0x00002509   Thumb Code   112  main.o(i.main)
    move_down                                0x0000259d   Thumb Code    22  main.o(i.move_down)
    move_left                                0x000025c1   Thumb Code    22  main.o(i.move_left)
    move_right                               0x000025e9   Thumb Code    22  main.o(i.move_right)
    move_up                                  0x00002611   Thumb Code    22  main.o(i.move_up)
    off_sound                                0x00002635   Thumb Code    36  main.o(i.off_sound)
    osRtxErrorNotify                         0x0000265d   Thumb Code    32  rtx_config.o(i.osRtxErrorNotify)
    osRtxIdleThread                          0x0000267d   Thumb Code     4  rtx_config.o(i.osRtxIdleThread)
    play_A                                   0x00002681   Thumb Code    54  main.o(i.play_A)
    play_C                                   0x000026bd   Thumb Code    54  main.o(i.play_C)
    play_D                                   0x000026f9   Thumb Code    54  main.o(i.play_D)
    play_E                                   0x00002735   Thumb Code    54  main.o(i.play_E)
    play_F                                   0x00002771   Thumb Code    54  main.o(i.play_F)
    play_G                                   0x000027ad   Thumb Code    54  main.o(i.play_G)
    play_constant_song                       0x000027e9   Thumb Code   292  main.o(i.play_constant_song)
    play_end_sound                           0x0000290d   Thumb Code   252  main.o(i.play_end_sound)
    play_highC                               0x00002a09   Thumb Code    50  main.o(i.play_highC)
    play_highD                               0x00002a45   Thumb Code    50  main.o(i.play_highD)
    play_start_sound                         0x00002a81   Thumb Code    60  main.o(i.play_start_sound)
    single_green_led_on                      0x00002abd   Thumb Code   242  main.o(i.single_green_led_on)
    sound_break                              0x00002bc1   Thumb Code    10  main.o(i.sound_break)
    stop_moving                              0x00002bcd   Thumb Code    16  main.o(i.stop_moving)
    tAudio                                   0x00002be5   Thumb Code    64  main.o(i.tAudio)
    tBrain                                   0x00002c29   Thumb Code   268  main.o(i.tBrain)
    tGreenLED                                0x00002d51   Thumb Code    76  main.o(i.tGreenLED)
    tMotorControl                            0x00002da1   Thumb Code    90  main.o(i.tMotorControl)
    tRedLED                                  0x00002e01   Thumb Code    42  main.o(i.tRedLED)
    osRtxUserSVC                             0x00002e90   Data           4  rtx_lib.o(.constdata)
    osRtxConfig                              0x00002e94   Data         104  rtx_lib.o(.rodata)
    os_cb_sections                           0x00002efc   Data          56  rtx_lib.o(.rodata)
    Region$$Table$$Base                      0x00002f40   Number         0  anon$$obj.o(Region$$Table)
    Region$$Table$$Limit                     0x00002f60   Number         0  anon$$obj.o(Region$$Table)
    .bss.os.msgqueue.cb$$Base                0x20000040   Number         0  rtx_lib.o(.bss.os.msgqueue.cb)
    .bss.os.msgqueue.cb$$Limit               0x20000074   Number         0  rtx_lib.o(.bss.os.msgqueue.cb)
    .bss.os.thread.cb$$Base                  0x200000c4   Number         0  rtx_lib.o(.bss.os.thread.cb)
    .bss.os.thread.cb$$Limit                 0x2000014c   Number         0  rtx_lib.o(.bss.os.thread.cb)
    rx_data                                  0x20000350   Data           1  main.o(.data)
    curr_motion_state                        0x20000351   Data           1  main.o(.data)
    has_completed                            0x20000352   Data           1  main.o(.data)
    greenLED_Id                              0x20000354   Data           4  main.o(.data)
    redLED_Id                                0x20000358   Data           4  main.o(.data)
    audio_Id                                 0x2000035c   Data           4  main.o(.data)
    motor_Msg                                0x20000360   Data           4  main.o(.data)
    SystemCoreClock                          0x20000364   Data           4  system_mkl25z4.o(.data)
    osRtxInfo                                0x20000368   Data         164  rtx_kernel.o(.data.os)
    __initial_sp                             0x20000510   Data           0  startup_mkl25z4.o(STACK)



==============================================================================

Memory Map of the image

  Image Entry point : 0x000000d5

  Load Region LR_1 (Base: 0x00000000, Size: 0x0000436c, Max: 0xffffffff, ABSOLUTE, COMPRESSED[0x00002f94])

    Execution Region ER_RO (Exec base: 0x00000000, Load base: 0x00000000, Size: 0x00002f60, Max: 0xffffffff, ABSOLUTE)

    Exec Addr    Load Addr    Size         Type   Attr      Idx    E Section Name        Object

    0x00000000   0x00000000   0x000000c0   Data   RO          380    RESET               startup_mkl25z4.o
    0x000000c0   0x000000c0   0x00000000   Code   RO          887  * .ARM.Collect$$$$00000000  mc_p.l(entry.o)
    0x000000c0   0x000000c0   0x00000004   Code   RO          912    .ARM.Collect$$$$00000001  mc_p.l(entry2.o)
    0x000000c4   0x000000c4   0x00000004   Code   RO          915    .ARM.Collect$$$$00000004  mc_p.l(entry5.o)
    0x000000c8   0x000000c8   0x00000000   Code   RO          917    .ARM.Collect$$$$00000008  mc_p.l(entry7b.o)
    0x000000c8   0x000000c8   0x00000000   Code   RO          919    .ARM.Collect$$$$0000000A  mc_p.l(entry8b.o)
    0x000000c8   0x000000c8   0x00000008   Code   RO          920    .ARM.Collect$$$$0000000B  mc_p.l(entry9a.o)
    0x000000d0   0x000000d0   0x00000000   Code   RO          922    .ARM.Collect$$$$0000000D  mc_p.l(entry10a.o)
    0x000000d0   0x000000d0   0x00000000   Code   RO          924    .ARM.Collect$$$$0000000F  mc_p.l(entry11a.o)
    0x000000d0   0x000000d0   0x00000004   Code   RO          913    .ARM.Collect$$$$00002712  mc_p.l(entry2.o)
    0x000000d4   0x000000d4   0x00000028   Code   RO          382  * .text               startup_mkl25z4.o
    0x000000fc   0x000000fc   0x000000a4   Code   RO          696    .text               RTX_CM0.lib(irq_cm0.o)
    0x000001a0   0x000001a0   0x0000002c   Code   RO          890    .text               mc_p.l(uidiv.o)
    0x000001cc   0x000001cc   0x00000028   Code   RO          892    .text               mc_p.l(idiv.o)
    0x000001f4   0x000001f4   0x00000024   Code   RO          894    .text               mc_p.l(memcpya.o)
    0x00000218   0x00000218   0x00000024   Code   RO          896    .text               mc_p.l(memseta.o)
    0x0000023c   0x0000023c   0x000000b2   Code   RO          900    .text               mf_p.l(fadd.o)
    0x000002ee   0x000002ee   0x0000007c   Code   RO          902    .text               mf_p.l(fdiv.o)
    0x0000036a   0x0000036a   0x00000002   PAD
    0x0000036c   0x0000036c   0x00000028   Code   RO          906    .text               mf_p.l(dflti.o)
    0x00000394   0x00000394   0x00000032   Code   RO          908    .text               mf_p.l(ffixi.o)
    0x000003c6   0x000003c6   0x00000038   Code   RO          910    .text               mf_p.l(d2f.o)
    0x000003fe   0x000003fe   0x00000000   Code   RO          926    .text               mc_p.l(iusefp.o)
    0x000003fe   0x000003fe   0x00000002   Code   RO          424    .text.osRtxKernelPreInit  RTX_CM0.lib(rtx_kernel.o)
    0x00000400   0x00000400   0x00000010   Code   RO          381    .ARM.__at_0x400     startup_mkl25z4.o
    0x00000410   0x00000410   0x000000f0   Code   RO          904    .text               mf_p.l(ddiv.o)
    0x00000500   0x00000500   0x00000082   Code   RO          927    .text               mf_p.l(fepilogue.o)
    0x00000582   0x00000582   0x000000be   Code   RO          929    .text               mf_p.l(depilogue.o)
    0x00000640   0x00000640   0x00000024   Code   RO          933    .text               mc_p.l(init.o)
    0x00000664   0x00000664   0x00000020   Code   RO          935    .text               mc_p.l(llshl.o)
    0x00000684   0x00000684   0x00000022   Code   RO          937    .text               mc_p.l(llushr.o)
    0x000006a6   0x000006a6   0x0000003a   Code   RO          947    .text               mc_p.l(__dczerorl.o)
    0x000006e0   0x000006e0   0x0000004c   Code   RO          679    .text.MessageQueueGet  RTX_CM0.lib(rtx_msgqueue.o)
    0x0000072c   0x0000072c   0x00000062   Code   RO          673    .text.MessageQueuePut  RTX_CM0.lib(rtx_msgqueue.o)
    0x0000078e   0x0000078e   0x0000001e   Code   RO          671    .text.MessageQueueRemove  RTX_CM0.lib(rtx_msgqueue.o)
    0x000007ac   0x000007ac   0x0000000c   Code   RO          866    .text.OS_Tick_AcknowledgeIRQ  RTX_CM0.lib(os_systick.o)
    0x000007b8   0x000007b8   0x0000002c   Code   RO          862    .text.OS_Tick_Enable  RTX_CM0.lib(os_systick.o)
    0x000007e4   0x000007e4   0x00000006   Code   RO          868    .text.OS_Tick_GetIRQn  RTX_CM0.lib(os_systick.o)
    0x000007ea   0x000007ea   0x00000002   PAD
    0x000007ec   0x000007ec   0x0000004c   Code   RO          860    .text.OS_Tick_Setup  RTX_CM0.lib(os_systick.o)
    0x00000838   0x00000838   0x0000004e   Code   RO          569    .text.ThreadFlagsCheck  RTX_CM0.lib(rtx_thread.o)
    0x00000886   0x00000886   0x00000002   PAD
    0x00000888   0x00000888   0x0000004c   Code   RO          717    .text.TimerInsert   RTX_CM0.lib(rtx_timer.o)
    0x000008d4   0x000008d4   0x00000028   Code   RO          622    .text.osDelay       RTX_CM0.lib(rtx_delay.o)
    0x000008fc   0x000008fc   0x00000028   Code   RO          426    .text.osKernelInitialize  RTX_CM0.lib(rtx_kernel.o)
    0x00000924   0x00000924   0x00000024   Code   RO          436    .text.osKernelStart  RTX_CM0.lib(rtx_kernel.o)
    0x00000948   0x00000948   0x00000074   Code   RO          645    .text.osMessageQueueGet  RTX_CM0.lib(rtx_msgqueue.o)
    0x000009bc   0x000009bc   0x00000024   Code   RO          639    .text.osMessageQueueNew  RTX_CM0.lib(rtx_msgqueue.o)
    0x000009e0   0x000009e0   0x00000078   Code   RO          643    .text.osMessageQueuePut  RTX_CM0.lib(rtx_msgqueue.o)
    0x00000a58   0x00000a58   0x0000007c   Code   RO          779    .text.osRtxMemoryAlloc  RTX_CM0.lib(rtx_memory.o)
    0x00000ad4   0x00000ad4   0x0000004e   Code   RO          781    .text.osRtxMemoryFree  RTX_CM0.lib(rtx_memory.o)
    0x00000b22   0x00000b22   0x00000032   Code   RO          777    .text.osRtxMemoryInit  RTX_CM0.lib(rtx_memory.o)
    0x00000b54   0x00000b54   0x0000002e   Code   RO          794    .text.osRtxMemoryPoolAlloc  RTX_CM0.lib(rtx_mempool.o)
    0x00000b82   0x00000b82   0x0000003a   Code   RO          796    .text.osRtxMemoryPoolFree  RTX_CM0.lib(rtx_mempool.o)
    0x00000bbc   0x00000bbc   0x0000003e   Code   RO          792    .text.osRtxMemoryPoolInit  RTX_CM0.lib(rtx_mempool.o)
    0x00000bfa   0x00000bfa   0x000000bc   Code   RO          669    .text.osRtxMessageQueuePostProcess  RTX_CM0.lib(rtx_msgqueue.o)
    0x00000cb6   0x00000cb6   0x00000044   Code   RO          742    .text.osRtxMutexOwnerRelease  RTX_CM0.lib(rtx_mutex.o)
    0x00000cfa   0x00000cfa   0x00000002   PAD
    0x00000cfc   0x00000cfc   0x00000080   Code   RO          847    .text.osRtxPendSV_Handler  RTX_CM0.lib(rtx_system.o)
    0x00000d7c   0x00000d7c   0x0000006c   Code   RO          849    .text.osRtxPostProcess  RTX_CM0.lib(rtx_system.o)
    0x00000de8   0x00000de8   0x00000038   Code   RO          509    .text.osRtxThreadBlock  RTX_CM0.lib(rtx_thread.o)
    0x00000e20   0x00000e20   0x00000080   Code   RO          517    .text.osRtxThreadDelayInsert  RTX_CM0.lib(rtx_thread.o)
    0x00000ea0   0x00000ea0   0x00000044   Code   RO          513    .text.osRtxThreadDelayRemove  RTX_CM0.lib(rtx_thread.o)
    0x00000ee4   0x00000ee4   0x00000038   Code   RO          499    .text.osRtxThreadDelayTick  RTX_CM0.lib(rtx_thread.o)
    0x00000f1c   0x00000f1c   0x00000050   Code   RO          507    .text.osRtxThreadDispatch  RTX_CM0.lib(rtx_thread.o)
    0x00000f6c   0x00000f6c   0x00000054   Code   RO          593    .text.osRtxThreadFree  RTX_CM0.lib(rtx_thread.o)
    0x00000fc0   0x00000fc0   0x00000014   Code   RO          491    .text.osRtxThreadListGet  RTX_CM0.lib(rtx_thread.o)
    0x00000fd4   0x00000fd4   0x0000002c   Code   RO          489    .text.osRtxThreadListPut  RTX_CM0.lib(rtx_thread.o)
    0x00001000   0x00001000   0x00000018   Code   RO          495    .text.osRtxThreadListRemove  RTX_CM0.lib(rtx_thread.o)
    0x00001018   0x00001018   0x00000026   Code   RO          567    .text.osRtxThreadPostProcess  RTX_CM0.lib(rtx_thread.o)
    0x0000103e   0x0000103e   0x00000002   PAD
    0x00001040   0x00001040   0x00000018   Code   RO          497    .text.osRtxThreadReadyPut  RTX_CM0.lib(rtx_thread.o)
    0x00001058   0x00001058   0x00000006   Code   RO          501    .text.osRtxThreadRegPtr  RTX_CM0.lib(rtx_thread.o)
    0x0000105e   0x0000105e   0x00000002   PAD
    0x00001060   0x00001060   0x0000002c   Code   RO          505    .text.osRtxThreadStackCheck  RTX_CM0.lib(rtx_thread.o)
    0x0000108c   0x0000108c   0x00000040   Code   RO          519    .text.osRtxThreadStartup  RTX_CM0.lib(rtx_thread.o)
    0x000010cc   0x000010cc   0x00000014   Code   RO          503    .text.osRtxThreadSwitch  RTX_CM0.lib(rtx_thread.o)
    0x000010e0   0x000010e0   0x0000003c   Code   RO          515    .text.osRtxThreadWaitEnter  RTX_CM0.lib(rtx_thread.o)
    0x0000111c   0x0000111c   0x00000022   Code   RO          511    .text.osRtxThreadWaitExit  RTX_CM0.lib(rtx_thread.o)
    0x0000113e   0x0000113e   0x00000002   PAD
    0x00001140   0x00001140   0x00000074   Code   RO          845    .text.osRtxTick_Handler  RTX_CM0.lib(rtx_system.o)
    0x000011b4   0x000011b4   0x0000003c   Code   RO          701    .text.osRtxTimerThread  RTX_CM0.lib(rtx_timer.o)
    0x000011f0   0x000011f0   0x00000060   Code   RO          703    .text.osRtxTimerTick  RTX_CM0.lib(rtx_timer.o)
    0x00001250   0x00001250   0x0000000c   Code   RO          551    .text.osThreadExit  RTX_CM0.lib(rtx_thread.o)
    0x0000125c   0x0000125c   0x00000058   Code   RO          559    .text.osThreadFlagsSet  RTX_CM0.lib(rtx_thread.o)
    0x000012b4   0x000012b4   0x00000028   Code   RO          565    .text.osThreadFlagsWait  RTX_CM0.lib(rtx_thread.o)
    0x000012dc   0x000012dc   0x00000024   Code   RO          523    .text.osThreadNew   RTX_CM0.lib(rtx_thread.o)
    0x00001300   0x00001300   0x00000012   Code   RO          626    .text.svcRtxDelay   RTX_CM0.lib(rtx_delay.o)
    0x00001312   0x00001312   0x00000002   PAD
    0x00001314   0x00001314   0x00000148   Code   RO          464    .text.svcRtxKernelInitialize  RTX_CM0.lib(rtx_kernel.o)
    0x0000145c   0x0000145c   0x00000084   Code   RO          466    .text.svcRtxKernelStart  RTX_CM0.lib(rtx_kernel.o)
    0x000014e0   0x000014e0   0x000000e8   Code   RO          681    .text.svcRtxMessageQueueGet  RTX_CM0.lib(rtx_msgqueue.o)
    0x000015c8   0x000015c8   0x000001e4   Code   RO          667    .text.svcRtxMessageQueueNew  RTX_CM0.lib(rtx_msgqueue.o)
    0x000017ac   0x000017ac   0x000000bc   Code   RO          677    .text.svcRtxMessageQueuePut  RTX_CM0.lib(rtx_msgqueue.o)
    0x00001868   0x00001868   0x0000006c   Code   RO          597    .text.svcRtxThreadExit  RTX_CM0.lib(rtx_thread.o)
    0x000018d4   0x000018d4   0x0000006c   Code   RO          605    .text.svcRtxThreadFlagsSet  RTX_CM0.lib(rtx_thread.o)
    0x00001940   0x00001940   0x00000050   Code   RO          611    .text.svcRtxThreadFlagsWait  RTX_CM0.lib(rtx_thread.o)
    0x00001990   0x00001990   0x000001ec   Code   RO          521    .text.svcRtxThreadNew  RTX_CM0.lib(rtx_thread.o)
    0x00001b7c   0x00001b7c   0x00000190   Code   RO          390    i.SystemCoreClockUpdate  system_mkl25z4.o
    0x00001d0c   0x00001d0c   0x00000138   Code   RO          391    i.SystemInit        system_mkl25z4.o
    0x00001e44   0x00001e44   0x00000040   Code   RO            3    i.UART2_IRQHandler  main.o
    0x00001e84   0x00001e84   0x0000002e   Code   RO          931    i.__ARM_clz         mf_p.l(depilogue.o)
    0x00001eb2   0x00001eb2   0x0000001c   Code   RO          272    i.__ARM_common_switch8  main.o
    0x00001ece   0x00001ece   0x00000002   PAD
    0x00001ed0   0x00001ed0   0x00000018   Code   RO            4    i.__NVIC_ClearPendingIRQ  main.o
    0x00001ee8   0x00001ee8   0x00000078   Code   RO            5    i.__NVIC_SetPriority  main.o
    0x00001f60   0x00001f60   0x0000000e   Code   RO          941    i.__scatterload_copy  mc_p.l(handlers.o)
    0x00001f6e   0x00001f6e   0x00000002   Code   RO          942    i.__scatterload_null  mc_p.l(handlers.o)
    0x00001f70   0x00001f70   0x0000000e   Code   RO          943    i.__scatterload_zeroinit  mc_p.l(handlers.o)
    0x00001f7e   0x00001f7e   0x00000002   PAD
    0x00001f80   0x00001f80   0x00000018   Code   RO            6    i.all_green_led_on  main.o
    0x00001f98   0x00001f98   0x00000030   Code   RO            7    i.all_red_led_flashing_running  main.o
    0x00001fc8   0x00001fc8   0x0000002c   Code   RO            8    i.all_red_led_flashing_stationary  main.o
    0x00001ff4   0x00001ff4   0x00000070   Code   RO            9    i.calc_MOD          main.o
    0x00002064   0x00002064   0x00000054   Code   RO           10    i.green_led_blink_twice  main.o
    0x000020b8   0x000020b8   0x00000148   Code   RO           11    i.initLED           main.o
    0x00002200   0x00002200   0x00000190   Code   RO           12    i.initMotor         main.o
    0x00002390   0x00002390   0x000000b8   Code   RO           13    i.initPWM           main.o
    0x00002448   0x00002448   0x000000c0   Code   RO           14    i.initUART2         main.o
    0x00002508   0x00002508   0x00000094   Code   RO           15    i.main              main.o
    0x0000259c   0x0000259c   0x00000024   Code   RO           16    i.move_down         main.o
    0x000025c0   0x000025c0   0x00000028   Code   RO           17    i.move_left         main.o
    0x000025e8   0x000025e8   0x00000028   Code   RO           18    i.move_right        main.o
    0x00002610   0x00002610   0x00000024   Code   RO           19    i.move_up           main.o
    0x00002634   0x00002634   0x00000028   Code   RO           20    i.off_sound         main.o
    0x0000265c   0x0000265c   0x00000020   Code   RO          350    i.osRtxErrorNotify  rtx_config.o
    0x0000267c   0x0000267c   0x00000004   Code   RO          351    i.osRtxIdleThread   rtx_config.o
    0x00002680   0x00002680   0x0000003c   Code   RO           21    i.play_A            main.o
    0x000026bc   0x000026bc   0x0000003c   Code   RO           24    i.play_C            main.o
    0x000026f8   0x000026f8   0x0000003c   Code   RO           26    i.play_D            main.o
    0x00002734   0x00002734   0x0000003c   Code   RO           28    i.play_E            main.o
    0x00002770   0x00002770   0x0000003c   Code   RO           29    i.play_F            main.o
    0x000027ac   0x000027ac   0x0000003c   Code   RO           31    i.play_G            main.o
    0x000027e8   0x000027e8   0x00000124   Code   RO           33    i.play_constant_song  main.o
    0x0000290c   0x0000290c   0x000000fc   Code   RO           34    i.play_end_sound    main.o
    0x00002a08   0x00002a08   0x0000003c   Code   RO           35    i.play_highC        main.o
    0x00002a44   0x00002a44   0x0000003c   Code   RO           36    i.play_highD        main.o
    0x00002a80   0x00002a80   0x0000003c   Code   RO           37    i.play_start_sound  main.o
    0x00002abc   0x00002abc   0x00000104   Code   RO           38    i.single_green_led_on  main.o
    0x00002bc0   0x00002bc0   0x0000000a   Code   RO           39    i.sound_break       main.o
    0x00002bca   0x00002bca   0x00000002   PAD
    0x00002bcc   0x00002bcc   0x00000018   Code   RO           40    i.stop_moving       main.o
    0x00002be4   0x00002be4   0x00000044   Code   RO           41    i.tAudio            main.o
    0x00002c28   0x00002c28   0x00000128   Code   RO           42    i.tBrain            main.o
    0x00002d50   0x00002d50   0x00000050   Code   RO           43    i.tGreenLED         main.o
    0x00002da0   0x00002da0   0x00000060   Code   RO           44    i.tMotorControl     main.o
    0x00002e00   0x00002e00   0x00000030   Code   RO           45    i.tRedLED           main.o
    0x00002e30   0x00002e30   0x00000064   Data   RO          320    .constdata          rtx_lib.o
    0x00002e94   0x00002e94   0x000000a0   Data   RO          322    .rodata             rtx_lib.o
    0x00002f34   0x00002f34   0x0000000b   Data   RO          478    .rodata.str1.4      RTX_CM0.lib(rtx_kernel.o)
    0x00002f3f   0x00002f3f   0x00000001   PAD
    0x00002f40   0x00002f40   0x00000020   Data   RO          939    Region$$Table       anon$$obj.o


    Execution Region ER_RW (Exec base: 0x1ffff000, Load base: 0x00002f60, Size: 0x0000140c, Max: 0xffffffff, ABSOLUTE, COMPRESSED[0x00000034])

    Exec Addr    Load Addr    Size         Type   Attr      Idx    E Section Name        Object

    0x1ffff000   COMPRESSED   0x00001040   Data   RW          315    .bss.os             rtx_lib.o
    0x20000040   COMPRESSED   0x00000034   Data   RW          316    .bss.os.msgqueue.cb  rtx_lib.o
    0x20000074   COMPRESSED   0x00000050   Data   RW          317    .bss.os.msgqueue.mem  rtx_lib.o
    0x200000c4   COMPRESSED   0x00000088   Data   RW          318    .bss.os.thread.cb   rtx_lib.o
    0x2000014c   COMPRESSED   0x00000004   PAD
    0x20000150   COMPRESSED   0x00000200   Data   RW          319    .bss.os.thread.stack  rtx_lib.o
    0x20000350   COMPRESSED   0x00000014   Data   RW           46    .data               main.o
    0x20000364   COMPRESSED   0x00000004   Data   RW          392    .data               system_mkl25z4.o
    0x20000368   COMPRESSED   0x000000a4   Data   RW          479    .data.os            RTX_CM0.lib(rtx_kernel.o)


    Execution Region ER_ZI (Exec base: 0x2000040c, Load base: 0x00002f94, Size: 0x00000104, Max: 0xffffffff, ABSOLUTE)

    Exec Addr    Load Addr    Size         Type   Attr      Idx    E Section Name        Object

    0x2000040c        -       0x00000001   Zero   RW          878    .bss.PendST         RTX_CM0.lib(os_systick.o)
    0x2000040d   0x00002f94   0x00000003   PAD
    0x20000410        -       0x00000100   Zero   RW          378    STACK               startup_mkl25z4.o


==============================================================================

Image component sizes


      Code (inc. data)   RO Data    RW Data    ZI Data      Debug   Object Name

      3958        412          0         20          0     248298   main.o
        36          8          0          0          0        997   rtx_config.o
         0          0        260       4940          0       9178   rtx_lib.o
        56         30        192          0        256        896   startup_mkl25z4.o
       712         84          0          4          0       1691   system_mkl25z4.o

    ----------------------------------------------------------------------
      4766        534        484       4968        256     261060   Object Totals
         0          0         32          0          0          0   (incl. Generated)
         4          0          0          4          0          0   (incl. Padding)

    ----------------------------------------------------------------------

      Code (inc. data)   RO Data    RW Data    ZI Data      Debug   Library Member Name

       164          8          0          0          0        496   irq_cm0.o
       138         32          0          0          1       2766   os_systick.o
        58          4          0          0          0       2753   rtx_delay.o
       538         36         11        164          0      16105   rtx_kernel.o
       252          0          0          0          0       2564   rtx_memory.o
       166          0          0          0          0      14282   rtx_mempool.o
      1568         44          0          0          0      17889   rtx_msgqueue.o
        68          0          0          0          0       9201   rtx_mutex.o
       352         26          0          0          0       4635   rtx_system.o
      1892        108          0          0          0      30867   rtx_thread.o
       232         20          0          0          0      10018   rtx_timer.o
        58          0          0          0          0          0   __dczerorl.o
         0          0          0          0          0          0   entry.o
         0          0          0          0          0          0   entry10a.o
         0          0          0          0          0          0   entry11a.o
         8          4          0          0          0          0   entry2.o
         4          0          0          0          0          0   entry5.o
         0          0          0          0          0          0   entry7b.o
         0          0          0          0          0          0   entry8b.o
         8          4          0          0          0          0   entry9a.o
        30          0          0          0          0          0   handlers.o
        40          0          0          0          0         72   idiv.o
        36          8          0          0          0         68   init.o
         0          0          0          0          0          0   iusefp.o
        32          0          0          0          0         68   llshl.o
        34          0          0          0          0         68   llushr.o
        36          0          0          0          0         60   memcpya.o
        36          0          0          0          0        100   memseta.o
        44          0          0          0          0         72   uidiv.o
        56          0          0          0          0         68   d2f.o
       240          6          0          0          0         84   ddiv.o
       236          0          0          0          0        216   depilogue.o
        40          6          0          0          0         68   dflti.o
       178          0          0          0          0        108   fadd.o
       124          0          0          0          0         72   fdiv.o
       130          0          0          0          0        144   fepilogue.o
        50          0          0          0          0         60   ffixi.o

    ----------------------------------------------------------------------
      6866        306         12        164          4     112904   Library Totals
        18          0          1          0          3          0   (incl. Padding)

    ----------------------------------------------------------------------

      Code (inc. data)   RO Data    RW Data    ZI Data      Debug   Library Name

      5428        278         11        164          1     111576   RTX_CM0.lib
       366         16          0          0          0        508   mc_p.l
      1054         12          0          0          0        820   mf_p.l

    ----------------------------------------------------------------------
      6866        306         12        164          4     112904   Library Totals

    ----------------------------------------------------------------------

==============================================================================


      Code (inc. data)   RO Data    RW Data    ZI Data      Debug   

     11632        840        496       5132        260     371572   Grand Totals
     11632        840        496         52        260     371572   ELF Image Totals (compressed)
     11632        840        496         52          0          0   ROM Totals

==============================================================================

    Total RO  Size (Code + RO Data)                12128 (  11.84kB)
    Total RW  Size (RW Data + ZI Data)              5392 (   5.27kB)
    Total ROM Size (Code + RO Data + RW Data)      12180 (  11.89kB)

==============================================================================

